M5-FITS/processed/v1/data_train_WI_3_HOBBIES_1.csv
,d,sales,tm_w_end,tm_dw,tm_wm,tm_m,tm_w,sell_price,snap_count,is_event,date
725,726,211.0,0,2,4,1,4,6.0888023,0,0,2013-01-23
726,727,226.0,0,3,4,1,4,6.0888023,0,0,2013-01-24
727,728,280.0,0,4,4,1,4,6.0888023,0,0,2013-01-25
728,729,278.0,1,5,4,1,4,6.089008,0,0,2013-01-26
729,730,218.0,1,6,4,1,4,6.089008,0,0,2013-01-27
730,731,183.0,0,0,4,1,5,6.089008,0,0,2013-01-28
731,732,267.0,0,1,5,1,5,6.089008,0,0,2013-01-29
732,733,179.0,0,2,5,1,5,6.089008,0,0,2013-01-30
733,734,254.0,0,3,5,1,5,6.089008,0,0,2013-01-31
734,735,413.0,0,4,1,2,5,6.089008,2,0,2013-02-01
735,736,311.0,1,5,1,2,5,6.078672,2,0,2013-02-02
736,737,290.0,1,6,1,2,5,6.078672,3,1,2013-02-03
737,738,160.0,0,0,1,2,6,6.078672,1,0,2013-02-04
738,739,186.0,0,1,1,2,6,6.078672,3,0,2013-02-05
739,740,187.0,0,2,1,2,6,6.078672,3,0,2013-02-06
740,741,124.0,0,3,1,2,6,6.078672,2,0,2013-02-07
741,742,263.0,0,4,2,2,6,6.078672,2,0,2013-02-08
742,743,297.0,1,5,2,2,6,6.1004324,3,0,2013-02-09
743,744,207.0,1,6,2,2,6,6.1004324,1,0,2013-02-10
744,745,254.0,0,0,2,2,7,6.1004324,2,0,2013-02-11
745,746,336.0,0,1,2,2,7,6.1004324,2,0,2013-02-12
746,747,265.0,0,2,2,2,7,6.1004324,1,1,2013-02-13
747,748,161.0,0,3,2,2,7,6.1004324,1,1,2013-02-14
748,749,261.0,0,4,3,2,7,6.1004324,2,0,2013-02-15
749,750,296.0,1,5,3,2,7,6.1203637,0,0,2013-02-16
750,751,202.0,1,6,3,2,7,6.1203637,0,0,2013-02-17
751,752,240.0,0,0,3,2,8,6.1203637,0,1,2013-02-18
752,753,192.0,0,1,3,2,8,6.1203637,0,0,2013-02-19
753,754,302.0,0,2,3,2,8,6.1203637,0,1,2013-02-20
754,755,280.0,0,3,3,2,8,6.1203637,0,0,2013-02-21
755,756,191.0,0,4,4,2,8,6.1203637,0,0,2013-02-22
756,757,278.0,1,5,4,2,8,6.110308,0,0,2013-02-23
757,758,222.0,1,6,4,2,8,6.110308,0,1,2013-02-24
758,759,176.0,0,0,4,2,9,6.110308,0,0,2013-02-25
759,760,181.0,0,1,4,2,9,6.110308,0,0,2013-02-26
760,761,211.0,0,2,4,2,9,6.110308,0,0,2013-02-27
761,762,325.0,0,3,4,2,9,6.110308,0,0,2013-02-28
762,763,461.0,0,4,1,3,9,6.110308,2,0,2013-03-01
763,764,415.0,1,5,1,3,9,6.0937257,2,0,2013-03-02
764,765,265.0,1,6,1,3,9,6.0937257,3,0,2013-03-03
765,766,238.0,0,0,1,3,10,6.0937257,1,0,2013-03-04
766,767,123.0,0,1,1,3,10,6.0937257,3,0,2013-03-05
767,768,158.0,0,2,1,3,10,6.0937257,3,0,2013-03-06
768,769,207.0,0,3,1,3,10,6.0937257,2,0,2013-03-07
769,770,266.0,0,4,2,3,10,6.0937257,2,0,2013-03-08
770,771,311.0,1,5,2,3,10,6.0757875,3,0,2013-03-09
771,772,292.0,1,6,2,3,10,6.0757875,1,0,2013-03-10
772,773,268.0,0,0,2,3,11,6.0757875,2,0,2013-03-11
773,774,219.0,0,1,2,3,11,6.0757875,2,0,2013-03-12
774,775,232.0,0,2,2,3,11,6.0757875,1,0,2013-03-13
775,776,221.0,0,3,2,3,11,6.0757875,1,0,2013-03-14
776,777,236.0,0,4,3,3,11,6.0757875,2,0,2013-03-15
777,778,304.0,1,5,3,3,11,6.076096,0,0,2013-03-16
778,779,236.0,1,6,3,3,11,6.076096,0,1,2013-03-17
779,780,251.0,0,0,3,3,12,6.076096,0,0,2013-03-18
780,781,220.0,0,1,3,3,12,6.076096,0,0,2013-03-19
781,782,164.0,0,2,3,3,12,6.076096,0,0,2013-03-20
782,783,228.0,0,3,3,3,12,6.076096,0,0,2013-03-21
783,784,251.0,0,4,4,3,12,6.076096,0,0,2013-03-22
784,785,255.0,1,5,4,3,12,6.076096,0,0,2013-03-23
785,786,239.0,1,6,4,3,12,6.076096,0,0,2013-03-24
786,787,158.0,0,0,4,3,13,6.076096,0,0,2013-03-25
787,788,161.0,0,1,4,3,13,6.076096,0,0,2013-03-26
788,789,205.0,0,2,4,3,13,6.076096,0,0,2013-03-27
789,790,198.0,0,3,4,3,13,6.076096,0,0,2013-03-28
790,791,205.0,0,4,5,3,13,6.076096,0,0,2013-03-29
791,792,221.0,1,5,5,3,13,6.0793552,0,0,2013-03-30
792,793,218.0,1,6,5,3,13,6.0793552,0,1,2013-03-31
793,794,310.0,0,0,1,4,14,6.0793552,2,0,2013-04-01
794,795,278.0,0,1,1,4,14,6.0793552,2,1,2013-04-02
795,796,306.0,0,2,1,4,14,6.0793552,3,0,2013-04-03
796,797,208.0,0,3,1,4,14,6.0793552,1,0,2013-04-04
797,798,300.0,0,4,1,4,14,6.0793552,3,0,2013-04-05
798,799,310.0,1,5,1,4,14,6.0793552,3,0,2013-04-06
799,800,323.0,1,6,1,4,14,6.0793552,2,0,2013-04-07
800,801,225.0,0,0,2,4,15,6.0793552,2,0,2013-04-08
801,802,188.0,0,1,2,4,15,6.0793552,3,0,2013-04-09
802,803,239.0,0,2,2,4,15,6.0793552,1,0,2013-04-10
803,804,269.0,0,3,2,4,15,6.0793552,2,0,2013-04-11
804,805,227.0,0,4,2,4,15,6.0793552,2,0,2013-04-12
805,806,346.0,1,5,2,4,15,6.0790634,1,0,2013-04-13
806,807,176.0,1,6,2,4,15,6.0790634,1,0,2013-04-14
807,808,150.0,0,0,3,4,16,6.0790634,2,0,2013-04-15
808,809,167.0,0,1,3,4,16,6.0790634,0,0,2013-04-16
809,810,166.0,0,2,3,4,16,6.0790634,0,0,2013-04-17
810,811,247.0,0,3,3,4,16,6.0790634,0,0,2013-04-18
811,812,195.0,0,4,3,4,16,6.0790634,0,0,2013-04-19
812,813,246.0,1,5,3,4,16,6.068811,0,0,2013-04-20
813,814,202.0,1,6,3,4,16,6.068811,0,0,2013-04-21
814,815,162.0,0,0,4,4,17,6.068811,0,0,2013-04-22
815,816,142.0,0,1,4,4,17,6.068811,0,0,2013-04-23
816,817,216.0,0,2,4,4,17,6.068811,0,0,2013-04-24
817,818,211.0,0,3,4,4,17,6.068811,0,0,2013-04-25
818,819,199.0,0,4,4,4,17,6.068811,0,0,2013-04-26
819,820,214.0,1,5,4,4,17,6.071102,0,0,2013-04-27
820,821,171.0,1,6,4,4,17,6.071102,0,0,2013-04-28
821,822,143.0,0,0,5,4,18,6.071102,0,0,2013-04-29
822,823,130.0,0,1,5,4,18,6.071102,0,0,2013-04-30
823,824,104.0,0,2,1,5,18,6.071102,2,0,2013-05-01
824,825,150.0,0,3,1,5,18,6.071102,2,0,2013-05-02
825,826,217.0,0,4,1,5,18,6.071102,3,0,2013-05-03
826,827,181.0,1,5,1,5,18,6.070896,1,0,2013-05-04
827,828,182.0,1,6,1,5,18,6.070896,3,2,2013-05-05
828,829,181.0,0,0,1,5,19,6.070896,3,0,2013-05-06
829,830,194.0,0,1,1,5,19,6.070896,2,0,2013-05-07
830,831,170.0,0,2,2,5,19,6.070896,2,0,2013-05-08
831,832,264.0,0,3,2,5,19,6.070896,3,0,2013-05-09
832,833,287.0,0,4,2,5,19,6.070896,1,0,2013-05-10
833,834,262.0,1,5,2,5,19,6.071102,2,0,2013-05-11
834,835,193.0,1,6,2,5,19,6.071102,2,1,2013-05-12
835,836,198.0,0,0,2,5,20,6.071102,1,0,2013-05-13
836,837,147.0,0,1,2,5,20,6.071102,1,0,2013-05-14
837,838,231.0,0,2,3,5,20,6.071102,2,0,2013-05-15
838,839,183.0,0,3,3,5,20,6.071102,0,0,2013-05-16
839,840,231.0,0,4,3,5,20,6.071102,0,0,2013-05-17
840,841,177.0,1,5,3,5,20,6.056483,0,0,2013-05-18
841,842,170.0,1,6,3,5,20,6.056483,0,0,2013-05-19
842,843,158.0,0,0,3,5,21,6.056483,0,0,2013-05-20
843,844,177.0,0,1,3,5,21,6.056483,0,0,2013-05-21
844,845,161.0,0,2,4,5,21,6.056483,0,0,2013-05-22
845,846,206.0,0,3,4,5,21,6.056483,0,0,2013-05-23
846,847,284.0,0,4,4,5,21,6.056483,0,0,2013-05-24
847,848,239.0,1,5,4,5,21,6.0599017,0,0,2013-05-25
848,849,176.0,1,6,4,5,21,6.0599017,0,0,2013-05-26
849,850,194.0,0,0,4,5,22,6.0599017,0,1,2013-05-27
850,851,150.0,0,1,4,5,22,6.0599017,0,0,2013-05-28
851,852,207.0,0,2,5,5,22,6.0599017,0,0,2013-05-29
852,853,208.0,0,3,5,5,22,6.0599017,0,0,2013-05-30
853,854,209.0,0,4,5,5,22,6.0599017,0,0,2013-05-31
854,855,282.0,1,5,1,6,22,6.083693,2,0,2013-06-01
855,856,288.0,1,6,1,6,22,6.083693,2,0,2013-06-02
856,857,290.0,0,0,1,6,23,6.083693,3,0,2013-06-03
857,858,208.0,0,1,1,6,23,6.083693,1,0,2013-06-04
858,859,280.0,0,2,1,6,23,6.083693,3,0,2013-06-05
859,860,220.0,0,3,1,6,23,6.083693,3,1,2013-06-06
860,861,243.0,0,4,1,6,23,6.083693,2,0,2013-06-07
861,862,210.0,1,5,2,6,23,6.0557404,2,0,2013-06-08
862,863,288.0,1,6,2,6,23,6.0557404,3,0,2013-06-09
863,864,256.0,0,0,2,6,24,6.0557404,1,0,2013-06-10
864,865,158.0,0,1,2,6,24,6.0557404,2,0,2013-06-11
865,866,260.0,0,2,2,6,24,6.0557404,2,0,2013-06-12
866,867,225.0,0,3,2,6,24,6.0557404,1,0,2013-06-13
867,868,207.0,0,4,2,6,24,6.0557404,1,0,2013-06-14
868,869,248.0,1,5,3,6,24,6.060707,2,0,2013-06-15
869,870,219.0,1,6,3,6,24,6.060707,0,1,2013-06-16
870,871,238.0,0,0,3,6,25,6.060707,0,0,2013-06-17
871,872,173.0,0,1,3,6,25,6.060707,0,0,2013-06-18
872,873,234.0,0,2,3,6,25,6.060707,0,0,2013-06-19
873,874,205.0,0,3,3,6,25,6.060707,0,1,2013-06-20
874,875,386.0,0,4,3,6,25,6.060707,0,0,2013-06-21
875,876,287.0,1,5,4,6,25,5.993253,0,0,2013-06-22
876,877,167.0,1,6,4,6,25,5.993253,0,0,2013-06-23
877,878,209.0,0,0,4,6,26,5.993253,0,0,2013-06-24
878,879,190.0,0,1,4,6,26,5.993253,0,0,2013-06-25
879,880,189.0,0,2,4,6,26,5.993253,0,0,2013-06-26
880,881,201.0,0,3,4,6,26,5.993253,0,0,2013-06-27
881,882,231.0,0,4,4,6,26,5.993253,0,0,2013-06-28
882,883,340.0,1,5,5,6,26,5.993253,0,0,2013-06-29
883,884,328.0,1,6,5,6,26,5.993253,0,0,2013-06-30
884,885,242.0,0,0,1,7,27,5.993253,2,0,2013-07-01
885,886,299.0,0,1,1,7,27,5.993253,2,0,2013-07-02
886,887,270.0,0,2,1,7,27,5.993253,3,0,2013-07-03
887,888,129.0,0,3,1,7,27,5.993253,1,1,2013-07-04
888,889,229.0,0,4,1,7,27,5.993253,3,0,2013-07-05
889,890,203.0,1,5,1,7,27,6.028147,3,0,2013-07-06
890,891,178.0,1,6,1,7,27,6.028147,2,0,2013-07-07
891,892,155.0,0,0,2,7,28,6.028147,2,0,2013-07-08
892,893,133.0,0,1,2,7,28,6.028147,3,1,2013-07-09
893,894,205.0,0,2,2,7,28,6.028147,1,0,2013-07-10
894,895,175.0,0,3,2,7,28,6.028147,2,0,2013-07-11
895,896,280.0,0,4,2,7,28,6.028147,2,0,2013-07-12
896,897,201.0,1,5,2,7,28,6.156811,1,0,2013-07-13
897,898,185.0,1,6,2,7,28,6.156811,1,0,2013-07-14
898,899,241.0,0,0,3,7,29,6.156811,2,0,2013-07-15
899,900,179.0,0,1,3,7,29,6.156811,0,0,2013-07-16
900,901,145.0,0,2,3,7,29,6.156811,0,0,2013-07-17
901,902,182.0,0,3,3,7,29,6.156811,0,0,2013-07-18
902,903,205.0,0,4,3,7,29,6.156811,0,0,2013-07-19
903,904,263.0,1,5,3,7,29,6.2488422,0,0,2013-07-20
904,905,169.0,1,6,3,7,29,6.2488422,0,0,2013-07-21
905,906,244.0,0,0,4,7,30,6.2488422,0,0,2013-07-22
906,907,116.0,0,1,4,7,30,6.2488422,0,0,2013-07-23
907,908,179.0,0,2,4,7,30,6.2488422,0,0,2013-07-24
908,909,200.0,0,3,4,7,30,6.2488422,0,0,2013-07-25
909,910,258.0,0,4,4,7,30,6.2488422,0,0,2013-07-26
910,911,260.0,1,5,4,7,30,6.2253356,0,0,2013-07-27
911,912,195.0,1,6,4,7,30,6.2253356,0,0,2013-07-28
912,913,249.0,0,0,5,7,31,6.2253356,0,0,2013-07-29
913,914,200.0,0,1,5,7,31,6.2253356,0,0,2013-07-30
914,915,241.0,0,2,5,7,31,6.2253356,0,0,2013-07-31
915,916,277.0,0,3,1,8,31,6.2253356,2,0,2013-08-01
916,917,401.0,0,4,1,8,31,6.2253356,2,0,2013-08-02
917,918,326.0,1,5,1,8,31,6.256039,3,0,2013-08-03
918,919,263.0,1,6,1,8,31,6.256039,1,0,2013-08-04
919,920,303.0,0,0,1,8,32,6.256039,3,0,2013-08-05
920,921,179.0,0,1,1,8,32,6.256039,3,0,2013-08-06
921,922,217.0,0,2,1,8,32,6.256039,2,0,2013-08-07
922,923,159.0,0,3,2,8,32,6.256039,2,1,2013-08-08
923,924,223.0,0,4,2,8,32,6.256039,3,0,2013-08-09
924,925,238.0,1,5,2,8,32,6.2556286,1,0,2013-08-10
925,926,167.0,1,6,2,8,32,6.2556286,2,0,2013-08-11
926,927,164.0,0,0,2,8,33,6.2556286,2,0,2013-08-12
927,928,150.0,0,1,2,8,33,6.2556286,1,0,2013-08-13
928,929,179.0,0,2,2,8,33,6.2556286,1,0,2013-08-14
929,930,150.0,0,3,3,8,33,6.2556286,2,0,2013-08-15
930,931,256.0,0,4,3,8,33,6.2556286,0,0,2013-08-16
931,932,269.0,1,5,3,8,33,6.255821,0,0,2013-08-17
932,933,227.0,1,6,3,8,33,6.255821,0,0,2013-08-18
933,934,153.0,0,0,3,8,34,6.255821,0,0,2013-08-19
934,935,150.0,0,1,3,8,34,6.255821,0,0,2013-08-20
935,936,208.0,0,2,3,8,34,6.255821,0,0,2013-08-21
936,937,155.0,0,3,4,8,34,6.255821,0,0,2013-08-22
937,938,291.0,0,4,4,8,34,6.255821,0,0,2013-08-23
938,939,266.0,1,5,4,8,34,6.2556286,0,0,2013-08-24
939,940,214.0,1,6,4,8,34,6.2556286,0,0,2013-08-25
940,941,181.0,0,0,4,8,35,6.2556286,0,0,2013-08-26
941,942,135.0,0,1,4,8,35,6.2556286,0,0,2013-08-27
942,943,187.0,0,2,4,8,35,6.2556286,0,0,2013-08-28
943,944,226.0,0,3,5,8,35,6.2556286,0,0,2013-08-29
944,945,287.0,0,4,5,8,35,6.2556286,0,0,2013-08-30
945,946,265.0,1,5,5,8,35,6.236067,0,0,2013-08-31
946,947,141.0,1,6,1,9,35,6.236067,2,0,2013-09-01
947,948,131.0,0,0,1,9,36,6.236067,2,1,2013-09-02
948,949,119.0,0,1,1,9,36,6.236067,3,0,2013-09-03
949,950,126.0,0,2,1,9,36,6.236067,1,0,2013-09-04
950,951,130.0,0,3,1,9,36,6.236067,3,0,2013-09-05
951,952,132.0,0,4,1,9,36,6.236067,3,0,2013-09-06
952,953,136.0,1,5,1,9,36,6.255742,2,0,2013-09-07
953,954,326.0,1,6,2,9,36,6.255742,2,0,2013-09-08
954,955,171.0,0,0,2,9,37,6.255742,3,0,2013-09-09
955,956,126.0,0,1,2,9,37,6.255742,1,0,2013-09-10
956,957,177.0,0,2,2,9,37,6.255742,2,0,2013-09-11
957,958,240.0,0,3,2,9,37,6.255742,2,0,2013-09-12
958,959,325.0,0,4,2,9,37,6.255742,1,0,2013-09-13
959,960,247.0,1,5,2,9,37,6.27144,1,0,2013-09-14
960,961,250.0,1,6,3,9,37,6.27144,2,0,2013-09-15
961,962,209.0,0,0,3,9,38,6.27144,0,0,2013-09-16
962,963,156.0,0,1,3,9,38,6.27144,0,0,2013-09-17
963,964,161.0,0,2,3,9,38,6.27144,0,0,2013-09-18
964,965,147.0,0,3,3,9,38,6.27144,0,0,2013-09-19
965,966,362.0,0,4,3,9,38,6.27144,0,0,2013-09-20
966,967,262.0,1,5,3,9,38,6.3089657,0,0,2013-09-21
967,968,212.0,1,6,4,9,38,6.3089657,0,0,2013-09-22
968,969,156.0,0,0,4,9,39,6.3089657,0,0,2013-09-23
969,970,180.0,0,1,4,9,39,6.3089657,0,0,2013-09-24
970,971,172.0,0,2,4,9,39,6.3089657,0,0,2013-09-25
971,972,180.0,0,3,4,9,39,6.3089657,0,0,2013-09-26
972,973,299.0,0,4,4,9,39,6.3089657,0,0,2013-09-27
973,974,219.0,1,5,4,9,39,6.350128,0,0,2013-09-28
974,975,262.0,1,6,5,9,39,6.350128,0,0,2013-09-29
975,976,260.0,0,0,5,9,40,6.350128,0,0,2013-09-30
976,977,264.0,0,1,1,10,40,6.350128,2,0,2013-10-01
977,978,207.0,0,2,1,10,40,6.350128,2,0,2013-10-02
978,979,251.0,0,3,1,10,40,6.350128,3,0,2013-10-03
979,980,343.0,0,4,1,10,40,6.350128,1,0,2013-10-04
980,981,246.0,1,5,1,10,40,6.350128,3,0,2013-10-05
981,982,297.0,1,6,1,10,40,6.350128,3,0,2013-10-06
982,983,232.0,0,0,1,10,41,6.350128,2,0,2013-10-07
983,984,244.0,0,1,2,10,41,6.350128,2,0,2013-10-08
984,985,217.0,0,2,2,10,41,6.350128,3,0,2013-10-09
985,986,192.0,0,3,2,10,41,6.350128,1,0,2013-10-10
986,987,307.0,0,4,2,10,41,6.350128,2,0,2013-10-11
987,988,320.0,1,5,2,10,41,6.350128,2,0,2013-10-12
988,989,183.0,1,6,2,10,41,6.350128,1,0,2013-10-13
989,990,176.0,0,0,2,10,42,6.350128,1,1,2013-10-14
990,991,230.0,0,1,3,10,42,6.350128,2,1,2013-10-15
991,992,251.0,0,2,3,10,42,6.350128,0,0,2013-10-16
992,993,221.0,0,3,3,10,42,6.350128,0,0,2013-10-17
993,994,345.0,0,4,3,10,42,6.350128,0,0,2013-10-18
994,995,309.0,1,5,3,10,42,6.350128,0,0,2013-10-19
995,996,251.0,1,6,3,10,42,6.350128,0,0,2013-10-20
996,997,182.0,0,0,3,10,43,6.350128,0,0,2013-10-21
997,998,140.0,0,1,4,10,43,6.350128,0,0,2013-10-22
998,999,196.0,0,2,4,10,43,6.350128,0,0,2013-10-23
999,1000,212.0,0,3,4,10,43,6.350128,0,0,2013-10-24
1000,1001,217.0,0,4,4,10,43,6.350128,0,0,2013-10-25
1001,1002,324.0,1,5,4,10,43,6.350128,0,0,2013-10-26
1002,1003,161.0,1,6,4,10,43,6.350128,0,0,2013-10-27
1003,1004,214.0,0,0,4,10,44,6.350128,0,0,2013-10-28
1004,1005,243.0,0,1,5,10,44,6.350128,0,0,2013-10-29
1005,1006,134.0,0,2,5,10,44,6.350128,0,0,2013-10-30
1006,1007,157.0,0,3,5,10,44,6.350128,0,1,2013-10-31
1007,1008,396.0,0,4,1,11,44,6.350128,2,0,2013-11-01
1008,1009,289.0,1,5,1,11,44,6.350128,2,0,2013-11-02
1009,1010,247.0,1,6,1,11,44,6.350128,3,0,2013-11-03
1010,1011,183.0,0,0,1,11,45,6.350128,1,0,2013-11-04
1011,1012,193.0,0,1,1,11,45,6.350128,3,0,2013-11-05
1012,1013,193.0,0,2,1,11,45,6.350128,3,0,2013-11-06
1013,1014,232.0,0,3,1,11,45,6.350128,2,0,2013-11-07
1014,1015,237.0,0,4,2,11,45,6.350128,2,0,2013-11-08
1015,1016,270.0,1,5,2,11,45,6.349622,3,0,2013-11-09
1016,1017,216.0,1,6,2,11,45,6.349622,1,0,2013-11-10
1017,1018,212.0,0,0,2,11,46,6.349622,2,1,2013-11-11
1018,1019,293.0,0,1,2,11,46,6.349622,2,0,2013-11-12
1019,1020,204.0,0,2,2,11,46,6.349622,1,0,2013-11-13
1020,1021,154.0,0,3,2,11,46,6.349622,1,0,2013-11-14
1021,1022,224.0,0,4,3,11,46,6.349622,2,0,2013-11-15
1022,1023,243.0,1,5,3,11,46,6.3495955,0,0,2013-11-16
1023,1024,166.0,1,6,3,11,46,6.3495955,0,0,2013-11-17
1024,1025,202.0,0,0,3,11,47,6.3495955,0,0,2013-11-18
1025,1026,190.0,0,1,3,11,47,6.3495955,0,0,2013-11-19
1026,1027,199.0,0,2,3,11,47,6.3495955,0,0,2013-11-20
1027,1028,184.0,0,3,3,11,47,6.3495955,0,0,2013-11-21
1028,1029,252.0,0,4,4,11,47,6.3495955,0,0,2013-11-22
1029,1030,225.0,1,5,4,11,47,6.349196,0,0,2013-11-23
1030,1031,176.0,1,6,4,11,47,6.349196,0,0,2013-11-24
1031,1032,234.0,0,0,4,11,48,6.349196,0,0,2013-11-25
1032,1033,209.0,0,1,4,11,48,6.349196,0,0,2013-11-26
1033,1034,189.0,0,2,4,11,48,6.349196,0,0,2013-11-27
1034,1035,109.0,0,3,4,11,48,6.349196,0,1,2013-11-28
1035,1036,215.0,0,4,5,11,48,6.349196,0,0,2013-11-29
1036,1037,193.0,1,5,5,11,48,6.3604465,0,0,2013-11-30
1037,1038,298.0,1,6,1,12,48,6.3604465,2,0,2013-12-01
1038,1039,162.0,0,0,1,12,49,6.3604465,2,0,2013-12-02
1039,1040,285.0,0,1,1,12,49,6.3604465,3,0,2013-12-03
1040,1041,158.0,0,2,1,12,49,6.3604465,1,0,2013-12-04
1041,1042,204.0,0,3,1,12,49,6.3604465,3,1,2013-12-05
1042,1043,267.0,0,4,1,12,49,6.3604465,3,0,2013-12-06
1043,1044,200.0,1,5,1,12,49,6.3591237,2,0,2013-12-07
1044,1045,182.0,1,6,2,12,49,6.3591237,2,0,2013-12-08
1045,1046,155.0,0,0,2,12,50,6.3591237,3,0,2013-12-09
1046,1047,227.0,0,1,2,12,50,6.3591237,1,0,2013-12-10
1047,1048,140.0,0,2,2,12,50,6.3591237,2,0,2013-12-11
1048,1049,190.0,0,3,2,12,50,6.3591237,2,0,2013-12-12
1049,1050,320.0,0,4,2,12,50,6.3591237,1,0,2013-12-13
1050,1051,275.0,1,5,2,12,50,6.3478594,1,0,2013-12-14
1051,1052,206.0,1,6,3,12,50,6.3478594,2,0,2013-12-15
1052,1053,167.0,0,0,3,12,51,6.3478594,0,0,2013-12-16
1053,1054,185.0,0,1,3,12,51,6.3478594,0,0,2013-12-17
1054,1055,277.0,0,2,3,12,51,6.3478594,0,0,2013-12-18
1055,1056,209.0,0,3,3,12,51,6.3478594,0,0,2013-12-19
1056,1057,263.0,0,4,3,12,51,6.3478594,0,0,2013-12-20
1057,1058,355.0,1,5,3,12,51,6.348256,0,0,2013-12-21
1058,1059,121.0,1,6,4,12,51,6.348256,0,0,2013-12-22
1059,1060,237.0,0,0,4,12,52,6.348256,0,0,2013-12-23
1060,1061,181.0,0,1,4,12,52,6.348256,0,0,2013-12-24
1061,1062,0.0,0,2,4,12,52,6.348256,0,1,2013-12-25
1062,1063,221.0,0,3,4,12,52,6.348256,0,0,2013-12-26
1063,1064,251.0,0,4,4,12,52,6.348256,0,0,2013-12-27
1064,1065,283.0,1,5,4,12,52,6.3477807,0,0,2013-12-28
1065,1066,301.0,1,6,5,12,52,6.3477807,0,0,2013-12-29
1066,1067,171.0,0,0,5,12,1,6.3477807,0,0,2013-12-30
1067,1068,199.0,0,1,5,12,1,6.3477807,0,0,2013-12-31
1068,1069,65.0,0,2,1,1,1,6.3477807,2,1,2014-01-01
1069,1070,202.0,0,3,1,1,1,6.3477807,2,0,2014-01-02
1070,1071,343.0,0,4,1,1,1,6.3477807,3,0,2014-01-03
1071,1072,337.0,1,5,1,1,1,6.38982,1,0,2014-01-04
1072,1073,198.0,1,6,1,1,1,6.38982,3,0,2014-01-05
1073,1074,127.0,0,0,1,1,2,6.38982,3,0,2014-01-06
1074,1075,121.0,0,1,1,1,2,6.38982,2,1,2014-01-07
1075,1076,156.0,0,2,2,1,2,6.38982,2,0,2014-01-08
1076,1077,200.0,0,3,2,1,2,6.38982,3,0,2014-01-09
1077,1078,209.0,0,4,2,1,2,6.38982,1,0,2014-01-10
1078,1079,240.0,1,5,2,1,2,6.390216,2,0,2014-01-11
1079,1080,225.0,1,6,2,1,2,6.390216,2,0,2014-01-12
1080,1081,207.0,0,0,2,1,3,6.390216,1,0,2014-01-13
1081,1082,115.0,0,1,2,1,3,6.390216,1,0,2014-01-14
1082,1083,141.0,0,2,3,1,3,6.390216,2,0,2014-01-15
