M5-FITS/processed/v1/data_train_WI_3_HOBBIES_1.csv
,d,sales,tm_w_end,tm_dw,tm_wm,tm_m,tm_w,sell_price,snap_count,is_event,date
1083,1084,182.0,0,3,3,1,3,6.390216,0,0,2014-01-16
1084,1085,247.0,0,4,3,1,3,6.390216,0,0,2014-01-17
1085,1086,350.0,1,5,3,1,3,6.390216,0,0,2014-01-18
1086,1087,235.0,1,6,3,1,3,6.390216,0,0,2014-01-19
1087,1088,204.0,0,0,3,1,4,6.390216,0,1,2014-01-20
1088,1089,162.0,0,1,3,1,4,6.390216,0,0,2014-01-21
1089,1090,146.0,0,2,4,1,4,6.390216,0,0,2014-01-22
1090,1091,170.0,0,3,4,1,4,6.390216,0,0,2014-01-23
1091,1092,205.0,0,4,4,1,4,6.390216,0,0,2014-01-24
1092,1093,280.0,1,5,4,1,4,6.392805,0,0,2014-01-25
1093,1094,173.0,1,6,4,1,4,6.392805,0,0,2014-01-26
1094,1095,96.0,0,0,4,1,5,6.392805,0,0,2014-01-27
1095,1096,123.0,0,1,4,1,5,6.392805,0,0,2014-01-28
1096,1097,214.0,0,2,5,1,5,6.392805,0,0,2014-01-29
1097,1098,176.0,0,3,5,1,5,6.392805,0,0,2014-01-30
1098,1099,405.0,0,4,5,1,5,6.392805,0,0,2014-01-31
1099,1100,239.0,1,5,1,2,5,6.3928356,2,0,2014-02-01
1100,1101,206.0,1,6,1,2,5,6.3928356,2,1,2014-02-02
1101,1102,301.0,0,0,1,2,6,6.3928356,3,0,2014-02-03
1102,1103,247.0,0,1,1,2,6,6.3928356,1,0,2014-02-04
1103,1104,192.0,0,2,1,2,6,6.3928356,3,0,2014-02-05
1104,1105,177.0,0,3,1,2,6,6.3928356,3,0,2014-02-06
1105,1106,205.0,0,4,1,2,6,6.3928356,2,0,2014-02-07
1106,1107,205.0,1,5,2,2,6,6.3839006,2,0,2014-02-08
1107,1108,246.0,1,6,2,2,6,6.3839006,3,0,2014-02-09
1108,1109,197.0,0,0,2,2,7,6.3839006,1,0,2014-02-10
1109,1110,227.0,0,1,2,2,7,6.3839006,2,0,2014-02-11
1110,1111,234.0,0,2,2,2,7,6.3839006,2,0,2014-02-12
1111,1112,176.0,0,3,2,2,7,6.3839006,1,0,2014-02-13
1112,1113,249.0,0,4,2,2,7,6.3839006,1,1,2014-02-14
1113,1114,288.0,1,5,3,2,7,6.384283,2,0,2014-02-15
1114,1115,221.0,1,6,3,2,7,6.384283,0,0,2014-02-16
1115,1116,147.0,0,0,3,2,8,6.384283,0,1,2014-02-17
1116,1117,203.0,0,1,3,2,8,6.384283,0,0,2014-02-18
1117,1118,259.0,0,2,3,2,8,6.384283,0,0,2014-02-19
1118,1119,103.0,0,3,3,2,8,6.384283,0,0,2014-02-20
1119,1120,254.0,0,4,3,2,8,6.384283,0,0,2014-02-21
1120,1121,269.0,1,5,4,2,8,6.428629,0,0,2014-02-22
1121,1122,222.0,1,6,4,2,8,6.428629,0,0,2014-02-23
1122,1123,150.0,0,0,4,2,9,6.428629,0,0,2014-02-24
1123,1124,170.0,0,1,4,2,9,6.428629,0,0,2014-02-25
1124,1125,173.0,0,2,4,2,9,6.428629,0,0,2014-02-26
1125,1126,138.0,0,3,4,2,9,6.428629,0,0,2014-02-27
1126,1127,280.0,0,4,4,2,9,6.428629,0,0,2014-02-28
1127,1128,243.0,1,5,1,3,9,6.4938865,2,0,2014-03-01
1128,1129,196.0,1,6,1,3,9,6.4938865,2,0,2014-03-02
1129,1130,213.0,0,0,1,3,10,6.4938865,3,0,2014-03-03
1130,1131,164.0,0,1,1,3,10,6.4938865,1,0,2014-03-04
1131,1132,192.0,0,2,1,3,10,6.4938865,3,1,2014-03-05
1132,1133,246.0,0,3,1,3,10,6.4938865,3,0,2014-03-06
1133,1134,272.0,0,4,1,3,10,6.4938865,2,0,2014-03-07
1134,1135,287.0,1,5,2,3,10,6.500753,2,0,2014-03-08
1135,1136,189.0,1,6,2,3,10,6.500753,3,0,2014-03-09
1136,1137,227.0,0,0,2,3,11,6.500753,1,0,2014-03-10
1137,1138,145.0,0,1,2,3,11,6.500753,2,0,2014-03-11
1138,1139,153.0,0,2,2,3,11,6.500753,2,1,2014-03-12
1139,1140,157.0,0,3,2,3,11,6.500753,1,0,2014-03-13
1140,1141,260.0,0,4,2,3,11,6.500753,1,0,2014-03-14
1141,1142,260.0,1,5,3,3,11,6.507777,2,0,2014-03-15
1142,1143,246.0,1,6,3,3,11,6.507777,0,1,2014-03-16
1143,1144,144.0,0,0,3,3,12,6.507777,0,1,2014-03-17
1144,1145,171.0,0,1,3,3,12,6.507777,0,0,2014-03-18
1145,1146,280.0,0,2,3,3,12,6.507777,0,0,2014-03-19
1146,1147,180.0,0,3,3,3,12,6.507777,0,0,2014-03-20
1147,1148,265.0,0,4,3,3,12,6.507777,0,0,2014-03-21
1148,1149,238.0,1,5,4,3,12,6.506662,0,0,2014-03-22
1149,1150,166.0,1,6,4,3,12,6.506662,0,0,2014-03-23
1150,1151,174.0,0,0,4,3,13,6.506662,0,0,2014-03-24
1151,1152,151.0,0,1,4,3,13,6.506662,0,0,2014-03-25
1152,1153,204.0,0,2,4,3,13,6.506662,0,0,2014-03-26
1153,1154,169.0,0,3,4,3,13,6.506662,0,0,2014-03-27
1154,1155,294.0,0,4,4,3,13,6.506662,0,0,2014-03-28
1155,1156,311.0,1,5,5,3,13,6.5083213,0,0,2014-03-29
1156,1157,167.0,1,6,5,3,13,6.5083213,0,0,2014-03-30
1157,1158,175.0,0,0,5,3,14,6.5083213,0,0,2014-03-31
1158,1159,297.0,0,1,1,4,14,6.5083213,2,0,2014-04-01
1159,1160,161.0,0,2,1,4,14,6.5083213,2,0,2014-04-02
1160,1161,210.0,0,3,1,4,14,6.5083213,3,0,2014-04-03
1161,1162,181.0,0,4,1,4,14,6.5083213,1,0,2014-04-04
1162,1163,239.0,1,5,1,4,14,6.4948735,3,0,2014-04-05
1163,1164,169.0,1,6,1,4,14,6.4948735,3,0,2014-04-06
1164,1165,164.0,0,0,1,4,15,6.4948735,2,0,2014-04-07
1165,1166,202.0,0,1,2,4,15,6.4948735,2,0,2014-04-08
1166,1167,215.0,0,2,2,4,15,6.4948735,3,0,2014-04-09
1167,1168,129.0,0,3,2,4,15,6.4948735,1,0,2014-04-10
1168,1169,236.0,0,4,2,4,15,6.4948735,2,0,2014-04-11
1169,1170,243.0,1,5,2,4,15,6.4745393,2,0,2014-04-12
1170,1171,148.0,1,6,2,4,15,6.4745393,1,0,2014-04-13
1171,1172,159.0,0,0,2,4,16,6.4745393,1,0,2014-04-14
1172,1173,188.0,0,1,3,4,16,6.4745393,2,0,2014-04-15
1173,1174,162.0,0,2,3,4,16,6.4745393,0,0,2014-04-16
1174,1175,271.0,0,3,3,4,16,6.4745393,0,0,2014-04-17
1175,1176,177.0,0,4,3,4,16,6.4745393,0,0,2014-04-18
1176,1177,256.0,1,5,3,4,16,6.5155344,0,0,2014-04-19
1177,1178,154.0,1,6,3,4,16,6.5155344,0,2,2014-04-20
1178,1179,150.0,0,0,3,4,17,6.5155344,0,0,2014-04-21
1179,1180,160.0,0,1,4,4,17,6.5155344,0,1,2014-04-22
1180,1181,218.0,0,2,4,4,17,6.5155344,0,0,2014-04-23
1181,1182,147.0,0,3,4,4,17,6.5155344,0,0,2014-04-24
1182,1183,163.0,0,4,4,4,17,6.5155344,0,0,2014-04-25
1183,1184,219.0,1,5,4,4,17,6.5139704,0,0,2014-04-26
1184,1185,169.0,1,6,4,4,17,6.5139704,0,0,2014-04-27
1185,1186,187.0,0,0,4,4,18,6.5139704,0,0,2014-04-28
1186,1187,186.0,0,1,5,4,18,6.5139704,0,0,2014-04-29
1187,1188,136.0,0,2,5,4,18,6.5139704,0,0,2014-04-30
1188,1189,199.0,0,3,1,5,18,6.5139704,2,0,2014-05-01
1189,1190,218.0,0,4,1,5,18,6.5139704,2,0,2014-05-02
1190,1191,228.0,1,5,1,5,18,6.5085716,3,0,2014-05-03
1191,1192,229.0,1,6,1,5,18,6.5085716,1,0,2014-05-04
1192,1193,165.0,0,0,1,5,19,6.5085716,3,1,2014-05-05
1193,1194,113.0,0,1,1,5,19,6.5085716,3,0,2014-05-06
1194,1195,179.0,0,2,1,5,19,6.5085716,2,0,2014-05-07
1195,1196,118.0,0,3,2,5,19,6.5085716,2,0,2014-05-08
1196,1197,213.0,0,4,2,5,19,6.5085716,3,0,2014-05-09
1197,1198,201.0,1,5,2,5,19,6.525528,1,0,2014-05-10
1198,1199,247.0,1,6,2,5,19,6.525528,2,1,2014-05-11
1199,1200,186.0,0,0,2,5,20,6.525528,2,0,2014-05-12
1200,1201,125.0,0,1,2,5,20,6.525528,1,0,2014-05-13
1201,1202,235.0,0,2,2,5,20,6.525528,1,0,2014-05-14
1202,1203,128.0,0,3,3,5,20,6.525528,2,0,2014-05-15
1203,1204,236.0,0,4,3,5,20,6.525528,0,0,2014-05-16
1204,1205,174.0,1,5,3,5,20,6.526161,0,0,2014-05-17
1205,1206,158.0,1,6,3,5,20,6.526161,0,0,2014-05-18
1206,1207,125.0,0,0,3,5,21,6.526161,0,0,2014-05-19
1207,1208,174.0,0,1,3,5,21,6.526161,0,0,2014-05-20
1208,1209,102.0,0,2,3,5,21,6.526161,0,0,2014-05-21
1209,1210,131.0,0,3,4,5,21,6.526161,0,0,2014-05-22
1210,1211,184.0,0,4,4,5,21,6.526161,0,0,2014-05-23
1211,1212,229.0,1,5,4,5,21,6.5216336,0,0,2014-05-24
1212,1213,250.0,1,6,4,5,21,6.5216336,0,0,2014-05-25
1213,1214,113.0,0,0,4,5,22,6.5216336,0,1,2014-05-26
1214,1215,177.0,0,1,4,5,22,6.5216336,0,0,2014-05-27
1215,1216,157.0,0,2,4,5,22,6.5216336,0,0,2014-05-28
1216,1217,169.0,0,3,5,5,22,6.5216336,0,0,2014-05-29
1217,1218,234.0,0,4,5,5,22,6.5216336,0,0,2014-05-30
1218,1219,156.0,1,5,5,5,22,6.5335674,0,0,2014-05-31
1219,1220,222.0,1,6,1,6,22,6.5335674,2,0,2014-06-01
1220,1221,174.0,0,0,1,6,23,6.5335674,2,0,2014-06-02
1221,1222,249.0,0,1,1,6,23,6.5335674,3,0,2014-06-03
1222,1223,202.0,0,2,1,6,23,6.5335674,1,0,2014-06-04
1223,1224,138.0,0,3,1,6,23,6.5335674,3,1,2014-06-05
1224,1225,258.0,0,4,1,6,23,6.5335674,3,0,2014-06-06
1225,1226,207.0,1,5,1,6,23,6.5301495,2,0,2014-06-07
1226,1227,194.0,1,6,2,6,23,6.5301495,2,0,2014-06-08
1227,1228,207.0,0,0,2,6,24,6.5301495,3,0,2014-06-09
1228,1229,211.0,0,1,2,6,24,6.5301495,1,0,2014-06-10
1229,1230,127.0,0,2,2,6,24,6.5301495,2,0,2014-06-11
1230,1231,277.0,0,3,2,6,24,6.5301495,2,0,2014-06-12
1231,1232,199.0,0,4,2,6,24,6.5301495,1,0,2014-06-13
1232,1233,154.0,1,5,2,6,24,6.5310187,1,0,2014-06-14
1233,1234,137.0,1,6,3,6,24,6.5310187,2,2,2014-06-15
1234,1235,189.0,0,0,3,6,25,6.5310187,0,0,2014-06-16
1235,1236,154.0,0,1,3,6,25,6.5310187,0,0,2014-06-17
1236,1237,155.0,0,2,3,6,25,6.5310187,0,0,2014-06-18
1237,1238,190.0,0,3,3,6,25,6.5310187,0,0,2014-06-19
1238,1239,260.0,0,4,3,6,25,6.5310187,0,0,2014-06-20
1239,1240,194.0,1,5,3,6,25,6.535447,0,0,2014-06-21
1240,1241,206.0,1,6,4,6,25,6.535447,0,0,2014-06-22
1241,1242,244.0,0,0,4,6,26,6.535447,0,0,2014-06-23
1242,1243,107.0,0,1,4,6,26,6.535447,0,0,2014-06-24
1243,1244,160.0,0,2,4,6,26,6.535447,0,0,2014-06-25
1244,1245,117.0,0,3,4,6,26,6.535447,0,0,2014-06-26
1245,1246,248.0,0,4,4,6,26,6.535447,0,0,2014-06-27
1246,1247,216.0,1,5,4,6,26,6.537996,0,0,2014-06-28
1247,1248,213.0,1,6,5,6,26,6.537996,0,1,2014-06-29
1248,1249,161.0,0,0,5,6,27,6.537996,0,0,2014-06-30
1249,1250,308.0,0,1,1,7,27,6.537996,2,0,2014-07-01
1250,1251,155.0,0,2,1,7,27,6.537996,2,0,2014-07-02
1251,1252,297.0,0,3,1,7,27,6.537996,3,0,2014-07-03
1252,1253,190.0,0,4,1,7,27,6.537996,1,1,2014-07-04
1253,1254,238.0,1,5,1,7,27,6.537996,3,0,2014-07-05
1254,1255,219.0,1,6,1,7,27,6.537996,3,0,2014-07-06
1255,1256,134.0,0,0,1,7,28,6.537996,2,0,2014-07-07
1256,1257,158.0,0,1,2,7,28,6.537996,2,0,2014-07-08
1257,1258,173.0,0,2,2,7,28,6.537996,3,0,2014-07-09
1258,1259,180.0,0,3,2,7,28,6.537996,1,0,2014-07-10
1259,1260,247.0,0,4,2,7,28,6.537996,2,0,2014-07-11
1260,1261,257.0,1,5,2,7,28,6.5379667,2,0,2014-07-12
1261,1262,197.0,1,6,2,7,28,6.5379667,1,0,2014-07-13
1262,1263,169.0,0,0,2,7,29,6.5379667,1,0,2014-07-14
1263,1264,151.0,0,1,3,7,29,6.5379667,2,0,2014-07-15
1264,1265,198.0,0,2,3,7,29,6.5379667,0,0,2014-07-16
1265,1266,170.0,0,3,3,7,29,6.5379667,0,0,2014-07-17
1266,1267,222.0,0,4,3,7,29,6.5379667,0,0,2014-07-18
1267,1268,212.0,1,5,3,7,29,6.5499873,0,0,2014-07-19
1268,1269,183.0,1,6,3,7,29,6.5499873,0,0,2014-07-20
1269,1270,165.0,0,0,3,7,30,6.5499873,0,0,2014-07-21
1270,1271,243.0,0,1,4,7,30,6.5499873,0,0,2014-07-22
1271,1272,180.0,0,2,4,7,30,6.5499873,0,0,2014-07-23
1272,1273,157.0,0,3,4,7,30,6.5499873,0,0,2014-07-24
1273,1274,162.0,0,4,4,7,30,6.5499873,0,0,2014-07-25
1274,1275,213.0,1,5,4,7,30,6.56075,0,0,2014-07-26
1275,1276,178.0,1,6,4,7,30,6.56075,0,0,2014-07-27
1276,1277,173.0,0,0,4,7,31,6.56075,0,0,2014-07-28
1277,1278,182.0,0,1,5,7,31,6.56075,0,1,2014-07-29
1278,1279,150.0,0,2,5,7,31,6.56075,0,0,2014-07-30
1279,1280,150.0,0,3,5,7,31,6.56075,0,0,2014-07-31
1280,1281,479.0,0,4,1,8,31,6.56075,2,0,2014-08-01
1281,1282,263.0,1,5,1,8,31,6.5609922,2,0,2014-08-02
1282,1283,283.0,1,6,1,8,31,6.5609922,3,0,2014-08-03
1283,1284,163.0,0,0,1,8,32,6.5609922,1,0,2014-08-04
1284,1285,159.0,0,1,1,8,32,6.5609922,3,0,2014-08-05
1285,1286,114.0,0,2,1,8,32,6.5609922,3,0,2014-08-06
1286,1287,173.0,0,3,1,8,32,6.5609922,2,0,2014-08-07
1287,1288,217.0,0,4,2,8,32,6.5609922,2,0,2014-08-08
1288,1289,157.0,1,5,2,8,32,6.5597577,3,0,2014-08-09
1289,1290,166.0,1,6,2,8,32,6.5597577,1,0,2014-08-10
1290,1291,141.0,0,0,2,8,33,6.5597577,2,0,2014-08-11
1291,1292,332.0,0,1,2,8,33,6.5597577,2,0,2014-08-12
1292,1293,204.0,0,2,2,8,33,6.5597577,1,0,2014-08-13
1293,1294,161.0,0,3,2,8,33,6.5597577,1,0,2014-08-14
1294,1295,192.0,0,4,3,8,33,6.5597577,2,0,2014-08-15
1295,1296,228.0,1,5,3,8,33,6.5597577,0,0,2014-08-16
1296,1297,197.0,1,6,3,8,33,6.5597577,0,0,2014-08-17
1297,1298,164.0,0,0,3,8,34,6.5597577,0,0,2014-08-18
1298,1299,166.0,0,1,3,8,34,6.5597577,0,0,2014-08-19
1299,1300,183.0,0,2,3,8,34,6.5597577,0,0,2014-08-20
1300,1301,152.0,0,3,3,8,34,6.5597577,0,0,2014-08-21
1301,1302,215.0,0,4,4,8,34,6.5597577,0,0,2014-08-22
1302,1303,166.0,1,5,4,8,34,6.5597577,0,0,2014-08-23
1303,1304,204.0,1,6,4,8,34,6.5597577,0,0,2014-08-24
1304,1305,163.0,0,0,4,8,35,6.5597577,0,0,2014-08-25
1305,1306,224.0,0,1,4,8,35,6.5597577,0,0,2014-08-26
1306,1307,194.0,0,2,4,8,35,6.5597577,0,0,2014-08-27
1307,1308,149.0,0,3,4,8,35,6.5597577,0,0,2014-08-28
1308,1309,202.0,0,4,5,8,35,6.5597577,0,0,2014-08-29
1309,1310,266.0,1,5,5,8,35,6.5597577,0,0,2014-08-30
1310,1311,191.0,1,6,5,8,35,6.5597577,0,0,2014-08-31
1311,1312,210.0,0,0,1,9,36,6.5597577,2,1,2014-09-01
1312,1313,244.0,0,1,1,9,36,6.5597577,2,0,2014-09-02
1313,1314,178.0,0,2,1,9,36,6.5597577,3,0,2014-09-03
1314,1315,187.0,0,3,1,9,36,6.5597577,1,0,2014-09-04
1315,1316,221.0,0,4,1,9,36,6.5597577,3,0,2014-09-05
1316,1317,231.0,1,5,1,9,36,6.5564165,3,0,2014-09-06
1317,1318,191.0,1,6,1,9,36,6.5564165,2,0,2014-09-07
1318,1319,254.0,0,0,2,9,37,6.5564165,2,0,2014-09-08
1319,1320,131.0,0,1,2,9,37,6.5564165,3,0,2014-09-09
1320,1321,151.0,0,2,2,9,37,6.5564165,1,0,2014-09-10
1321,1322,141.0,0,3,2,9,37,6.5564165,2,0,2014-09-11
1322,1323,186.0,0,4,2,9,37,6.5564165,2,0,2014-09-12
1323,1324,229.0,1,5,2,9,37,6.5480237,1,0,2014-09-13
1324,1325,157.0,1,6,2,9,37,6.5480237,1,0,2014-09-14
1325,1326,124.0,0,0,3,9,38,6.5480237,2,0,2014-09-15
1326,1327,219.0,0,1,3,9,38,6.5480237,0,0,2014-09-16
1327,1328,147.0,0,2,3,9,38,6.5480237,0,0,2014-09-17
1328,1329,141.0,0,3,3,9,38,6.5480237,0,0,2014-09-18
1329,1330,217.0,0,4,3,9,38,6.5480237,0,0,2014-09-19
1330,1331,249.0,1,5,3,9,38,6.559066,0,0,2014-09-20
1331,1332,170.0,1,6,3,9,38,6.559066,0,0,2014-09-21
1332,1333,144.0,0,0,4,9,39,6.559066,0,0,2014-09-22
1333,1334,135.0,0,1,4,9,39,6.559066,0,0,2014-09-23
1334,1335,154.0,0,2,4,9,39,6.559066,0,0,2014-09-24
1335,1336,127.0,0,3,4,9,39,6.559066,0,0,2014-09-25
1336,1337,254.0,0,4,4,9,39,6.559066,0,0,2014-09-26
1337,1338,203.0,1,5,4,9,39,6.5616226,0,0,2014-09-27
1338,1339,204.0,1,6,4,9,39,6.5616226,0,0,2014-09-28
1339,1340,176.0,0,0,5,9,40,6.5616226,0,0,2014-09-29
1340,1341,155.0,0,1,5,9,40,6.5616226,0,0,2014-09-30
1341,1342,191.0,0,2,1,10,40,6.5616226,2,0,2014-10-01
1342,1343,147.0,0,3,1,10,40,6.5616226,2,0,2014-10-02
1343,1344,175.0,0,4,1,10,40,6.5616226,3,0,2014-10-03
1344,1345,275.0,1,5,1,10,40,6.556913,1,1,2014-10-04
1345,1346,176.0,1,6,1,10,40,6.556913,3,0,2014-10-05
1346,1347,315.0,0,0,1,10,41,6.556913,3,0,2014-10-06
1347,1348,116.0,0,1,1,10,41,6.556913,2,0,2014-10-07
1348,1349,220.0,0,2,2,10,41,6.556913,2,0,2014-10-08
1349,1350,164.0,0,3,2,10,41,6.556913,3,0,2014-10-09
1350,1351,237.0,0,4,2,10,41,6.556913,1,0,2014-10-10
1351,1352,221.0,1,5,2,10,41,6.556913,2,0,2014-10-11
1352,1353,175.0,1,6,2,10,41,6.556913,2,0,2014-10-12
1353,1354,158.0,0,0,2,10,42,6.556913,1,1,2014-10-13
1354,1355,168.0,0,1,2,10,42,6.556913,1,0,2014-10-14
1355,1356,211.0,0,2,3,10,42,6.556913,2,0,2014-10-15
1356,1357,153.0,0,3,3,10,42,6.556913,0,0,2014-10-16
1357,1358,299.0,0,4,3,10,42,6.556913,0,0,2014-10-17
1358,1359,304.0,1,5,3,10,42,6.556913,0,0,2014-10-18
1359,1360,172.0,1,6,3,10,42,6.556913,0,0,2014-10-19
1360,1361,151.0,0,0,3,10,43,6.556913,0,0,2014-10-20
1361,1362,164.0,0,1,3,10,43,6.556913,0,0,2014-10-21
1362,1363,161.0,0,2,4,10,43,6.556913,0,0,2014-10-22
1363,1364,119.0,0,3,4,10,43,6.556913,0,0,2014-10-23
1364,1365,174.0,0,4,4,10,43,6.556913,0,0,2014-10-24
1365,1366,259.0,1,5,4,10,43,6.5385785,0,0,2014-10-25
1366,1367,183.0,1,6,4,10,43,6.5385785,0,0,2014-10-26
1367,1368,262.0,0,0,4,10,44,6.5385785,0,0,2014-10-27
1368,1369,183.0,0,1,4,10,44,6.5385785,0,0,2014-10-28
1369,1370,137.0,0,2,5,10,44,6.5385785,0,0,2014-10-29
1370,1371,159.0,0,3,5,10,44,6.5385785,0,0,2014-10-30
1371,1372,282.0,0,4,5,10,44,6.5385785,0,1,2014-10-31
1372,1373,268.0,1,5,1,11,44,6.5337815,2,0,2014-11-01
1373,1374,177.0,1,6,1,11,44,6.5337815,2,0,2014-11-02
1374,1375,280.0,0,0,1,11,45,6.5337815,3,0,2014-11-03
1375,1376,185.0,0,1,1,11,45,6.5337815,1,0,2014-11-04
1376,1377,114.0,0,2,1,11,45,6.5337815,3,0,2014-11-05
1377,1378,120.0,0,3,1,11,45,6.5337815,3,0,2014-11-06
1378,1379,192.0,0,4,1,11,45,6.5337815,2,0,2014-11-07
1379,1380,187.0,1,5,2,11,45,6.5337815,2,0,2014-11-08
1380,1381,185.0,1,6,2,11,45,6.5337815,3,0,2014-11-09
1381,1382,156.0,0,0,2,11,46,6.5337815,1,0,2014-11-10
1382,1383,145.0,0,1,2,11,46,6.5337815,2,1,2014-11-11
1383,1384,186.0,0,2,2,11,46,6.5337815,2,0,2014-11-12
1384,1385,145.0,0,3,2,11,46,6.5337815,1,0,2014-11-13
1385,1386,206.0,0,4,2,11,46,6.5337815,1,0,2014-11-14
1386,1387,254.0,1,5,3,11,46,6.53922,2,0,2014-11-15
1387,1388,162.0,1,6,3,11,46,6.53922,0,0,2014-11-16
1388,1389,149.0,0,0,3,11,47,6.53922,0,0,2014-11-17
1389,1390,110.0,0,1,3,11,47,6.53922,0,0,2014-11-18
1390,1391,227.0,0,2,3,11,47,6.53922,0,0,2014-11-19
1391,1392,141.0,0,3,3,11,47,6.53922,0,0,2014-11-20
1392,1393,224.0,0,4,3,11,47,6.53922,0,0,2014-11-21
1393,1394,282.0,1,5,4,11,47,6.53922,0,0,2014-11-22
1394,1395,181.0,1,6,4,11,47,6.53922,0,0,2014-11-23
1395,1396,128.0,0,0,4,11,48,6.53922,0,0,2014-11-24
1396,1397,97.0,0,1,4,11,48,6.53922,0,0,2014-11-25
1397,1398,187.0,0,2,4,11,48,6.53922,0,0,2014-11-26
1398,1399,90.0,0,3,4,11,48,6.53922,0,1,2014-11-27
1399,1400,213.0,0,4,4,11,48,6.53922,0,0,2014-11-28
1400,1401,216.0,1,5,5,11,48,6.5599065,0,0,2014-11-29
1401,1402,106.0,1,6,5,11,48,6.5599065,0,0,2014-11-30
1402,1403,171.0,0,0,1,12,49,6.5599065,2,0,2014-12-01
1403,1404,147.0,0,1,1,12,49,6.5599065,2,0,2014-12-02
1404,1405,221.0,0,2,1,12,49,6.5599065,3,0,2014-12-03
1405,1406,178.0,0,3,1,12,49,6.5599065,1,0,2014-12-04
1406,1407,228.0,0,4,1,12,49,6.5599065,3,0,2014-12-05
1407,1408,197.0,1,5,1,12,49,6.5599065,3,0,2014-12-06
1408,1409,301.0,1,6,1,12,49,6.5599065,2,0,2014-12-07
1409,1410,204.0,0,0,2,12,50,6.5599065,2,0,2014-12-08
1410,1411,203.0,0,1,2,12,50,6.5599065,3,0,2014-12-09
1411,1412,185.0,0,2,2,12,50,6.5599065,1,0,2014-12-10
1412,1413,178.0,0,3,2,12,50,6.5599065,2,0,2014-12-11
1413,1414,190.0,0,4,2,12,50,6.5599065,2,0,2014-12-12
1414,1415,217.0,1,5,2,12,50,6.556239,1,0,2014-12-13
1415,1416,205.0,1,6,2,12,50,6.556239,1,0,2014-12-14
1416,1417,214.0,0,0,3,12,51,6.556239,2,0,2014-12-15
1417,1418,193.0,0,1,3,12,51,6.556239,0,0,2014-12-16
1418,1419,163.0,0,2,3,12,51,6.556239,0,0,2014-12-17
1419,1420,145.0,0,3,3,12,51,6.556239,0,0,2014-12-18
1420,1421,262.0,0,4,3,12,51,6.556239,0,0,2014-12-19
1421,1422,235.0,1,5,3,12,51,6.556239,0,0,2014-12-20
1422,1423,214.0,1,6,3,12,51,6.556239,0,0,2014-12-21
1423,1424,176.0,0,0,4,12,52,6.556239,0,0,2014-12-22
1424,1425,151.0,0,1,4,12,52,6.556239,0,0,2014-12-23
1425,1426,140.0,0,2,4,12,52,6.556239,0,1,2014-12-24
1426,1427,0.0,0,3,4,12,52,6.556239,0,1,2014-12-25
1427,1428,242.0,0,4,4,12,52,6.556239,0,0,2014-12-26
1428,1429,178.0,1,5,4,12,52,6.5758805,0,0,2014-12-27
