M5-FITS/processed/v1/data_train_WI_3_HOBBIES_1.csv
,d,sales,tm_w_end,tm_dw,tm_wm,tm_m,tm_w,sell_price,snap_count,is_event,date
1429,1430,176.0,1,6,4,12,52,6.5758805,0,0,2014-12-28
1430,1431,159.0,0,0,5,12,1,6.5758805,0,0,2014-12-29
1431,1432,142.0,0,1,5,12,1,6.5758805,0,0,2014-12-30
1432,1433,185.0,0,2,5,12,1,6.5758805,0,0,2014-12-31
1433,1434,214.0,0,3,1,1,1,6.5758805,2,1,2015-01-01
1434,1435,337.0,0,4,1,1,1,6.5758805,2,0,2015-01-02
1435,1436,245.0,1,5,1,1,1,6.574078,3,0,2015-01-03
1436,1437,220.0,1,6,1,1,1,6.574078,1,0,2015-01-04
1437,1438,190.0,0,0,1,1,2,6.574078,3,0,2015-01-05
1438,1439,139.0,0,1,1,1,2,6.574078,3,0,2015-01-06
1439,1440,173.0,0,2,1,1,2,6.574078,2,1,2015-01-07
1440,1441,130.0,0,3,2,1,2,6.574078,2,0,2015-01-08
1441,1442,275.0,0,4,2,1,2,6.574078,3,0,2015-01-09
1442,1443,154.0,1,5,2,1,2,6.5843368,1,0,2015-01-10
1443,1444,148.0,1,6,2,1,2,6.5843368,2,0,2015-01-11
1444,1445,115.0,0,0,2,1,3,6.5843368,2,0,2015-01-12
1445,1446,175.0,0,1,2,1,3,6.5843368,1,0,2015-01-13
1446,1447,147.0,0,2,2,1,3,6.5843368,1,0,2015-01-14
1447,1448,130.0,0,3,3,1,3,6.5843368,2,0,2015-01-15
1448,1449,252.0,0,4,3,1,3,6.5843368,0,0,2015-01-16
1449,1450,249.0,1,5,3,1,3,6.6143613,0,0,2015-01-17
1450,1451,168.0,1,6,3,1,3,6.6143613,0,0,2015-01-18
1451,1452,168.0,0,0,3,1,4,6.6143613,0,1,2015-01-19
1452,1453,175.0,0,1,3,1,4,6.6143613,0,0,2015-01-20
1453,1454,197.0,0,2,3,1,4,6.6143613,0,0,2015-01-21
1454,1455,173.0,0,3,4,1,4,6.6143613,0,0,2015-01-22
1455,1456,158.0,0,4,4,1,4,6.6143613,0,0,2015-01-23
1456,1457,251.0,1,5,4,1,4,6.6138763,0,0,2015-01-24
1457,1458,176.0,1,6,4,1,4,6.6138763,0,0,2015-01-25
1458,1459,120.0,0,0,4,1,5,6.6138763,0,0,2015-01-26
1459,1460,127.0,0,1,4,1,5,6.6138763,0,0,2015-01-27
1460,1461,182.0,0,2,4,1,5,6.6138763,0,0,2015-01-28
1461,1462,211.0,0,3,5,1,5,6.6138763,0,0,2015-01-29
1462,1463,333.0,0,4,5,1,5,6.6138763,0,0,2015-01-30
1463,1464,337.0,1,5,5,1,5,6.6109657,0,0,2015-01-31
1464,1465,87.0,1,6,1,2,5,6.6109657,2,1,2015-02-01
1465,1466,136.0,0,0,1,2,6,6.6109657,2,0,2015-02-02
1466,1467,268.0,0,1,1,2,6,6.6109657,3,0,2015-02-03
1467,1468,238.0,0,2,1,2,6,6.6109657,1,0,2015-02-04
1468,1469,144.0,0,3,1,2,6,6.6109657,3,0,2015-02-05
1469,1470,249.0,0,4,1,2,6,6.6109657,3,0,2015-02-06
1470,1471,331.0,1,5,1,2,6,6.620326,2,0,2015-02-07
1471,1472,186.0,1,6,2,2,6,6.620326,2,0,2015-02-08
1472,1473,211.0,0,0,2,2,7,6.620326,3,0,2015-02-09
1473,1474,204.0,0,1,2,2,7,6.620326,1,0,2015-02-10
1474,1475,189.0,0,2,2,2,7,6.620326,2,0,2015-02-11
1475,1476,193.0,0,3,2,2,7,6.620326,2,0,2015-02-12
1476,1477,276.0,0,4,2,2,7,6.620326,1,0,2015-02-13
1477,1478,251.0,1,5,2,2,7,6.646164,1,1,2015-02-14
1478,1479,266.0,1,6,3,2,7,6.646164,2,0,2015-02-15
1479,1480,292.0,0,0,3,2,8,6.646164,0,1,2015-02-16
1480,1481,238.0,0,1,3,2,8,6.646164,0,0,2015-02-17
1481,1482,171.0,0,2,3,2,8,6.646164,0,1,2015-02-18
1482,1483,213.0,0,3,3,2,8,6.646164,0,0,2015-02-19
1483,1484,261.0,0,4,3,2,8,6.646164,0,0,2015-02-20
1484,1485,335.0,1,5,3,2,8,6.6379466,0,0,2015-02-21
1485,1486,282.0,1,6,4,2,8,6.6379466,0,0,2015-02-22
1486,1487,194.0,0,0,4,2,9,6.6379466,0,0,2015-02-23
1487,1488,182.0,0,1,4,2,9,6.6379466,0,0,2015-02-24
1488,1489,197.0,0,2,4,2,9,6.6379466,0,1,2015-02-25
1489,1490,157.0,0,3,4,2,9,6.6379466,0,0,2015-02-26
1490,1491,312.0,0,4,4,2,9,6.6379466,0,0,2015-02-27
1491,1492,351.0,1,5,4,2,9,6.631847,0,0,2015-02-28
1492,1493,297.0,1,6,1,3,9,6.631847,2,0,2015-03-01
1493,1494,237.0,0,0,1,3,10,6.631847,2,0,2015-03-02
1494,1495,166.0,0,1,1,3,10,6.631847,3,0,2015-03-03
1495,1496,185.0,0,2,1,3,10,6.631847,1,0,2015-03-04
1496,1497,167.0,0,3,1,3,10,6.631847,3,1,2015-03-05
1497,1498,206.0,0,4,1,3,10,6.631847,3,0,2015-03-06
1498,1499,253.0,1,5,1,3,10,6.631847,2,0,2015-03-07
1499,1500,287.0,1,6,2,3,10,6.631847,2,0,2015-03-08
1500,1501,201.0,0,0,2,3,11,6.631847,3,0,2015-03-09
1501,1502,167.0,0,1,2,3,11,6.631847,1,0,2015-03-10
1502,1503,226.0,0,2,2,3,11,6.631847,2,0,2015-03-11
1503,1504,251.0,0,3,2,3,11,6.631847,2,0,2015-03-12
1504,1505,229.0,0,4,2,3,11,6.631847,1,0,2015-03-13
1505,1506,269.0,1,5,2,3,11,6.631847,1,0,2015-03-14
1506,1507,257.0,1,6,3,3,11,6.631847,2,0,2015-03-15
1507,1508,232.0,0,0,3,3,12,6.631847,0,0,2015-03-16
1508,1509,147.0,0,1,3,3,12,6.631847,0,1,2015-03-17
1509,1510,244.0,0,2,3,3,12,6.631847,0,0,2015-03-18
1510,1511,186.0,0,3,3,3,12,6.631847,0,0,2015-03-19
1511,1512,266.0,0,4,3,3,12,6.631847,0,0,2015-03-20
1512,1513,276.0,1,5,3,3,12,6.631847,0,0,2015-03-21
1513,1514,235.0,1,6,4,3,12,6.631847,0,0,2015-03-22
1514,1515,156.0,0,0,4,3,13,6.631847,0,0,2015-03-23
1515,1516,196.0,0,1,4,3,13,6.631847,0,0,2015-03-24
1516,1517,231.0,0,2,4,3,13,6.631847,0,0,2015-03-25
1517,1518,186.0,0,3,4,3,13,6.631847,0,0,2015-03-26
1518,1519,251.0,0,4,4,3,13,6.631847,0,0,2015-03-27
1519,1520,404.0,1,5,4,3,13,6.631847,0,0,2015-03-28
1520,1521,264.0,1,6,5,3,13,6.631847,0,0,2015-03-29
1521,1522,204.0,0,0,5,3,14,6.631847,0,0,2015-03-30
1522,1523,155.0,0,1,5,3,14,6.631847,0,0,2015-03-31
1523,1524,179.0,0,2,1,4,14,6.631847,2,0,2015-04-01
1524,1525,159.0,0,3,1,4,14,6.631847,2,0,2015-04-02
1525,1526,253.0,0,4,1,4,14,6.631847,3,0,2015-04-03
1526,1527,282.0,1,5,1,4,14,6.625334,1,0,2015-04-04
1527,1528,263.0,1,6,1,4,14,6.625334,3,1,2015-04-05
1528,1529,220.0,0,0,1,4,15,6.625334,3,0,2015-04-06
1529,1530,191.0,0,1,1,4,15,6.625334,2,0,2015-04-07
1530,1531,203.0,0,2,2,4,15,6.625334,2,0,2015-04-08
1531,1532,221.0,0,3,2,4,15,6.625334,3,0,2015-04-09
1532,1533,308.0,0,4,2,4,15,6.625334,1,0,2015-04-10
1533,1534,198.0,1,5,2,4,15,6.632958,2,1,2015-04-11
1534,1535,220.0,1,6,2,4,15,6.632958,2,1,2015-04-12
1535,1536,173.0,0,0,2,4,16,6.632958,1,0,2015-04-13
1536,1537,227.0,0,1,2,4,16,6.632958,1,0,2015-04-14
1537,1538,218.0,0,2,3,4,16,6.632958,2,0,2015-04-15
1538,1539,233.0,0,3,3,4,16,6.632958,0,0,2015-04-16
1539,1540,195.0,0,4,3,4,16,6.632958,0,0,2015-04-17
1540,1541,284.0,1,5,3,4,16,6.634617,0,0,2015-04-18
1541,1542,247.0,1,6,3,4,16,6.634617,0,0,2015-04-19
1542,1543,218.0,0,0,3,4,17,6.634617,0,0,2015-04-20
1543,1544,247.0,0,1,3,4,17,6.634617,0,0,2015-04-21
1544,1545,260.0,0,2,4,4,17,6.634617,0,0,2015-04-22
1545,1546,199.0,0,3,4,4,17,6.634617,0,0,2015-04-23
1546,1547,269.0,0,4,4,4,17,6.634617,0,0,2015-04-24
1547,1548,256.0,1,5,4,4,17,6.637763,0,0,2015-04-25
1548,1549,255.0,1,6,4,4,17,6.637763,0,0,2015-04-26
1549,1550,179.0,0,0,4,4,18,6.637763,0,0,2015-04-27
1550,1551,237.0,0,1,4,4,18,6.637763,0,0,2015-04-28
1551,1552,204.0,0,2,5,4,18,6.637763,0,0,2015-04-29
1552,1553,197.0,0,3,5,4,18,6.637763,0,0,2015-04-30
1553,1554,202.0,0,4,1,5,18,6.637763,2,0,2015-05-01
1554,1555,278.0,1,5,1,5,18,6.653773,2,0,2015-05-02
1555,1556,311.0,1,6,1,5,18,6.653773,3,0,2015-05-03
1556,1557,202.0,0,0,1,5,19,6.653773,1,0,2015-05-04
1557,1558,198.0,0,1,1,5,19,6.653773,3,1,2015-05-05
1558,1559,184.0,0,2,1,5,19,6.653773,3,0,2015-05-06
1559,1560,142.0,0,3,1,5,19,6.653773,2,0,2015-05-07
1560,1561,319.0,0,4,2,5,19,6.653773,2,0,2015-05-08
1561,1562,235.0,1,5,2,5,19,6.6523657,3,0,2015-05-09
1562,1563,243.0,1,6,2,5,19,6.6523657,1,1,2015-05-10
1563,1564,197.0,0,0,2,5,20,6.6523657,2,0,2015-05-11
1564,1565,174.0,0,1,2,5,20,6.6523657,2,0,2015-05-12
1565,1566,222.0,0,2,2,5,20,6.6523657,1,0,2015-05-13
1566,1567,183.0,0,3,2,5,20,6.6523657,1,0,2015-05-14
1567,1568,231.0,0,4,3,5,20,6.6523657,2,0,2015-05-15
1568,1569,228.0,1,5,3,5,20,6.6539373,0,0,2015-05-16
1569,1570,255.0,1,6,3,5,20,6.6539373,0,0,2015-05-17
1570,1571,161.0,0,0,3,5,21,6.6539373,0,0,2015-05-18
1571,1572,199.0,0,1,3,5,21,6.6539373,0,0,2015-05-19
1572,1573,144.0,0,2,3,5,21,6.6539373,0,0,2015-05-20
1573,1574,148.0,0,3,3,5,21,6.6539373,0,0,2015-05-21
1574,1575,263.0,0,4,4,5,21,6.6539373,0,0,2015-05-22
1575,1576,303.0,1,5,4,5,21,6.6449766,0,0,2015-05-23
1576,1577,193.0,1,6,4,5,21,6.6449766,0,0,2015-05-24
1577,1578,225.0,0,0,4,5,22,6.6449766,0,1,2015-05-25
1578,1579,211.0,0,1,4,5,22,6.6449766,0,0,2015-05-26
1579,1580,184.0,0,2,4,5,22,6.6449766,0,0,2015-05-27
1580,1581,153.0,0,3,4,5,22,6.6449766,0,0,2015-05-28
1581,1582,200.0,0,4,5,5,22,6.6449766,0,0,2015-05-29
1582,1583,328.0,1,5,5,5,22,6.6534057,0,0,2015-05-30
1583,1584,270.0,1,6,5,5,22,6.6534057,0,0,2015-05-31
1584,1585,315.0,0,0,1,6,23,6.6534057,2,0,2015-06-01
1585,1586,201.0,0,1,1,6,23,6.6534057,2,0,2015-06-02
1586,1587,226.0,0,2,1,6,23,6.6534057,3,0,2015-06-03
1587,1588,195.0,0,3,1,6,23,6.6534057,1,1,2015-06-04
1588,1589,293.0,0,4,1,6,23,6.6534057,3,0,2015-06-05
1589,1590,308.0,1,5,1,6,23,6.651314,3,0,2015-06-06
1590,1591,272.0,1,6,1,6,23,6.651314,2,0,2015-06-07
1591,1592,223.0,0,0,2,6,24,6.651314,2,0,2015-06-08
1592,1593,218.0,0,1,2,6,24,6.651314,3,0,2015-06-09
1593,1594,175.0,0,2,2,6,24,6.651314,1,0,2015-06-10
1594,1595,168.0,0,3,2,6,24,6.651314,2,0,2015-06-11
1595,1596,228.0,0,4,2,6,24,6.651314,2,0,2015-06-12
1596,1597,222.0,1,5,2,6,24,6.651314,1,0,2015-06-13
1597,1598,219.0,1,6,2,6,24,6.651314,1,0,2015-06-14
1598,1599,195.0,0,0,3,6,25,6.651314,2,0,2015-06-15
1599,1600,133.0,0,1,3,6,25,6.651314,0,1,2015-06-16
1600,1601,168.0,0,2,3,6,25,6.651314,0,0,2015-06-17
1601,1602,235.0,0,3,3,6,25,6.651314,0,1,2015-06-18
1602,1603,267.0,0,4,3,6,25,6.651314,0,0,2015-06-19
1603,1604,319.0,1,5,3,6,25,6.6471815,0,0,2015-06-20
1604,1605,226.0,1,6,3,6,25,6.6471815,0,1,2015-06-21
1605,1606,163.0,0,0,4,6,26,6.6471815,0,0,2015-06-22
1606,1607,190.0,0,1,4,6,26,6.6471815,0,0,2015-06-23
1607,1608,220.0,0,2,4,6,26,6.6471815,0,0,2015-06-24
1608,1609,156.0,0,3,4,6,26,6.6471815,0,0,2015-06-25
1609,1610,215.0,0,4,4,6,26,6.6471815,0,0,2015-06-26
1610,1611,176.0,1,5,4,6,26,6.64464,0,0,2015-06-27
1611,1612,247.0,1,6,4,6,26,6.64464,0,0,2015-06-28
1612,1613,239.0,0,0,5,6,27,6.64464,0,0,2015-06-29
1613,1614,204.0,0,1,5,6,27,6.64464,0,0,2015-06-30
1614,1615,200.0,0,2,1,7,27,6.64464,2,0,2015-07-01
1615,1616,285.0,0,3,1,7,27,6.64464,2,0,2015-07-02
1616,1617,443.0,0,4,1,7,27,6.64464,3,0,2015-07-03
1617,1618,187.0,1,5,1,7,27,6.64464,1,1,2015-07-04
1618,1619,179.0,1,6,1,7,27,6.64464,3,0,2015-07-05
1619,1620,210.0,0,0,1,7,28,6.64464,3,0,2015-07-06
1620,1621,209.0,0,1,1,7,28,6.64464,2,0,2015-07-07
1621,1622,256.0,0,2,2,7,28,6.64464,2,0,2015-07-08
1622,1623,230.0,0,3,2,7,28,6.64464,3,0,2015-07-09
1623,1624,252.0,0,4,2,7,28,6.64464,1,0,2015-07-10
1624,1625,221.0,1,5,2,7,28,6.643548,2,0,2015-07-11
1625,1626,281.0,1,6,2,7,28,6.643548,2,0,2015-07-12
1626,1627,178.0,0,0,2,7,29,6.643548,1,0,2015-07-13
1627,1628,161.0,0,1,2,7,29,6.643548,1,0,2015-07-14
1628,1629,226.0,0,2,3,7,29,6.643548,2,0,2015-07-15
1629,1630,185.0,0,3,3,7,29,6.643548,0,0,2015-07-16
1630,1631,208.0,0,4,3,7,29,6.643548,0,0,2015-07-17
1631,1632,226.0,1,5,3,7,29,6.6434517,0,1,2015-07-18
1632,1633,234.0,1,6,3,7,29,6.6434517,0,0,2015-07-19
1633,1634,180.0,0,0,3,7,30,6.6434517,0,0,2015-07-20
1634,1635,149.0,0,1,3,7,30,6.6434517,0,0,2015-07-21
1635,1636,210.0,0,2,4,7,30,6.6434517,0,0,2015-07-22
1636,1637,233.0,0,3,4,7,30,6.6434517,0,0,2015-07-23
1637,1638,275.0,0,4,4,7,30,6.6434517,0,0,2015-07-24
1638,1639,274.0,1,5,4,7,30,6.6434517,0,0,2015-07-25
1639,1640,202.0,1,6,4,7,30,6.6434517,0,0,2015-07-26
1640,1641,193.0,0,0,4,7,31,6.6434517,0,0,2015-07-27
1641,1642,180.0,0,1,4,7,31,6.6434517,0,0,2015-07-28
1642,1643,135.0,0,2,5,7,31,6.6434517,0,0,2015-07-29
1643,1644,177.0,0,3,5,7,31,6.6434517,0,0,2015-07-30
1644,1645,365.0,0,4,5,7,31,6.6434517,0,0,2015-07-31
1645,1646,253.0,1,5,1,8,31,6.670676,2,0,2015-08-01
1646,1647,226.0,1,6,1,8,31,6.670676,2,0,2015-08-02
1647,1648,302.0,0,0,1,8,32,6.670676,3,0,2015-08-03
1648,1649,189.0,0,1,1,8,32,6.670676,1,0,2015-08-04
1649,1650,215.0,0,2,1,8,32,6.670676,3,0,2015-08-05
1650,1651,190.0,0,3,1,8,32,6.670676,3,0,2015-08-06
1651,1652,190.0,0,4,1,8,32,6.670676,2,0,2015-08-07
1652,1653,236.0,1,5,2,8,32,6.659178,2,0,2015-08-08
1653,1654,265.0,1,6,2,8,32,6.659178,3,0,2015-08-09
1654,1655,326.0,0,0,2,8,33,6.659178,1,0,2015-08-10
1655,1656,199.0,0,1,2,8,33,6.659178,2,0,2015-08-11
1656,1657,155.0,0,2,2,8,33,6.659178,2,0,2015-08-12
1657,1658,182.0,0,3,2,8,33,6.659178,1,0,2015-08-13
1658,1659,299.0,0,4,2,8,33,6.659178,1,0,2015-08-14
1659,1660,353.0,1,5,3,8,33,6.6617694,2,0,2015-08-15
1660,1661,253.0,1,6,3,8,33,6.6617694,0,0,2015-08-16
1661,1662,152.0,0,0,3,8,34,6.6617694,0,0,2015-08-17
1662,1663,213.0,0,1,3,8,34,6.6617694,0,0,2015-08-18
1663,1664,229.0,0,2,3,8,34,6.6617694,0,0,2015-08-19
1664,1665,175.0,0,3,3,8,34,6.6617694,0,0,2015-08-20
1665,1666,303.0,0,4,3,8,34,6.6617694,0,0,2015-08-21
1666,1667,235.0,1,5,4,8,34,6.6589336,0,0,2015-08-22
1667,1668,256.0,1,6,4,8,34,6.6589336,0,0,2015-08-23
1668,1669,171.0,0,0,4,8,35,6.6589336,0,0,2015-08-24
1669,1670,177.0,0,1,4,8,35,6.6589336,0,0,2015-08-25
1670,1671,263.0,0,2,4,8,35,6.6589336,0,0,2015-08-26
1671,1672,187.0,0,3,4,8,35,6.6589336,0,0,2015-08-27
1672,1673,303.0,0,4,4,8,35,6.6589336,0,0,2015-08-28
1673,1674,284.0,1,5,5,8,35,6.6575346,0,0,2015-08-29
1674,1675,269.0,1,6,5,8,35,6.6575346,0,0,2015-08-30
1675,1676,267.0,0,0,5,8,36,6.6575346,0,0,2015-08-31
1676,1677,248.0,0,1,1,9,36,6.6575346,2,0,2015-09-01
1677,1678,170.0,0,2,1,9,36,6.6575346,2,0,2015-09-02
1678,1679,198.0,0,3,1,9,36,6.6575346,3,0,2015-09-03
1679,1680,324.0,0,4,1,9,36,6.6575346,1,0,2015-09-04
1680,1681,212.0,1,5,1,9,36,6.657051,3,0,2015-09-05
1681,1682,278.0,1,6,1,9,36,6.657051,3,0,2015-09-06
1682,1683,249.0,0,0,1,9,37,6.657051,2,1,2015-09-07
1683,1684,235.0,0,1,2,9,37,6.657051,2,0,2015-09-08
1684,1685,197.0,0,2,2,9,37,6.657051,3,0,2015-09-09
1685,1686,241.0,0,3,2,9,37,6.657051,1,0,2015-09-10
1686,1687,191.0,0,4,2,9,37,6.657051,2,0,2015-09-11
1687,1688,305.0,1,5,2,9,37,6.657051,2,0,2015-09-12
1688,1689,242.0,1,6,2,9,37,6.657051,1,0,2015-09-13
1689,1690,202.0,0,0,2,9,38,6.657051,1,0,2015-09-14
1690,1691,164.0,0,1,3,9,38,6.657051,2,0,2015-09-15
1691,1692,209.0,0,2,3,9,38,6.657051,0,0,2015-09-16
1692,1693,165.0,0,3,3,9,38,6.657051,0,0,2015-09-17
1693,1694,327.0,0,4,3,9,38,6.657051,0,0,2015-09-18
1694,1695,300.0,1,5,3,9,38,6.657924,0,0,2015-09-19
1695,1696,325.0,1,6,3,9,38,6.657924,0,0,2015-09-20
1696,1697,299.0,0,0,3,9,39,6.657924,0,0,2015-09-21
1697,1698,145.0,0,1,4,9,39,6.657924,0,0,2015-09-22
1698,1699,194.0,0,2,4,9,39,6.657924,0,0,2015-09-23
1699,1700,214.0,0,3,4,9,39,6.657924,0,1,2015-09-24
1700,1701,258.0,0,4,4,9,39,6.657924,0,0,2015-09-25
1701,1702,295.0,1,5,4,9,39,6.6582155,0,0,2015-09-26
1702,1703,215.0,1,6,4,9,39,6.6582155,0,0,2015-09-27
1703,1704,177.0,0,0,4,9,40,6.6582155,0,0,2015-09-28
1704,1705,208.0,0,1,5,9,40,6.6582155,0,0,2015-09-29
1705,1706,155.0,0,2,5,9,40,6.6582155,0,0,2015-09-30
1706,1707,249.0,0,3,1,10,40,6.6582155,2,0,2015-10-01
1707,1708,297.0,0,4,1,10,40,6.6582155,2,0,2015-10-02
1708,1709,335.0,1,5,1,10,40,6.6514874,3,0,2015-10-03
1709,1710,275.0,1,6,1,10,40,6.6514874,1,0,2015-10-04
1710,1711,241.0,0,0,1,10,41,6.6514874,3,0,2015-10-05
1711,1712,200.0,0,1,1,10,41,6.6514874,3,0,2015-10-06
1712,1713,216.0,0,2,1,10,41,6.6514874,2,0,2015-10-07
1713,1714,172.0,0,3,2,10,41,6.6514874,2,0,2015-10-08
1714,1715,220.0,0,4,2,10,41,6.6514874,3,0,2015-10-09
1715,1716,250.0,1,5,2,10,41,6.6518445,1,0,2015-10-10
1716,1717,300.0,1,6,2,10,41,6.6518445,2,0,2015-10-11
1717,1718,220.0,0,0,2,10,42,6.6518445,2,1,2015-10-12
1718,1719,228.0,0,1,2,10,42,6.6518445,1,0,2015-10-13
1719,1720,234.0,0,2,2,10,42,6.6518445,1,0,2015-10-14
1720,1721,221.0,0,3,3,10,42,6.6518445,2,0,2015-10-15
1721,1722,340.0,0,4,3,10,42,6.6518445,0,0,2015-10-16
1722,1723,255.0,1,5,3,10,42,6.6518445,0,0,2015-10-17
1723,1724,206.0,1,6,3,10,42,6.6518445,0,0,2015-10-18
1724,1725,196.0,0,0,3,10,43,6.6518445,0,0,2015-10-19
1725,1726,217.0,0,1,3,10,43,6.6518445,0,0,2015-10-20
1726,1727,207.0,0,2,3,10,43,6.6518445,0,0,2015-10-21
1727,1728,206.0,0,3,4,10,43,6.6518445,0,0,2015-10-22
1728,1729,266.0,0,4,4,10,43,6.6518445,0,0,2015-10-23
1729,1730,272.0,1,5,4,10,43,6.6518445,0,0,2015-10-24
1730,1731,311.0,1,6,4,10,43,6.6518445,0,0,2015-10-25
1731,1732,244.0,0,0,4,10,44,6.6518445,0,0,2015-10-26
1732,1733,201.0,0,1,4,10,44,6.6518445,0,0,2015-10-27
1733,1734,177.0,0,2,4,10,44,6.6518445,0,0,2015-10-28
1734,1735,268.0,0,3,5,10,44,6.6518445,0,0,2015-10-29
1735,1736,355.0,0,4,5,10,44,6.6518445,0,0,2015-10-30
1736,1737,284.0,1,5,5,10,44,6.6573706,0,1,2015-10-31
1737,1738,279.0,1,6,1,11,44,6.6573706,2,0,2015-11-01
1738,1739,241.0,0,0,1,11,45,6.6573706,2,0,2015-11-02
1739,1740,273.0,0,1,1,11,45,6.6573706,3,0,2015-11-03
1740,1741,230.0,0,2,1,11,45,6.6573706,1,0,2015-11-04
1741,1742,245.0,0,3,1,11,45,6.6573706,3,0,2015-11-05
1742,1743,306.0,0,4,1,11,45,6.6573706,3,0,2015-11-06
1743,1744,226.0,1,5,1,11,45,6.6566014,2,0,2015-11-07
1744,1745,321.0,1,6,2,11,45,6.6566014,2,0,2015-11-08
1745,1746,277.0,0,0,2,11,46,6.6566014,3,0,2015-11-09
1746,1747,248.0,0,1,2,11,46,6.6566014,1,0,2015-11-10
1747,1748,189.0,0,2,2,11,46,6.6566014,2,1,2015-11-11
1748,1749,166.0,0,3,2,11,46,6.6566014,2,0,2015-11-12
1749,1750,284.0,0,4,2,11,46,6.6566014,1,0,2015-11-13
1750,1751,346.0,1,5,2,11,46,6.655869,1,0,2015-11-14
1751,1752,280.0,1,6,3,11,46,6.655869,2,0,2015-11-15
1752,1753,235.0,0,0,3,11,47,6.655869,0,0,2015-11-16
1753,1754,206.0,0,1,3,11,47,6.655869,0,0,2015-11-17
1754,1755,210.0,0,2,3,11,47,6.655869,0,0,2015-11-18
1755,1756,217.0,0,3,3,11,47,6.655869,0,0,2015-11-19
1756,1757,284.0,0,4,3,11,47,6.655869,0,0,2015-11-20
1757,1758,249.0,1,5,3,11,47,6.655869,0,0,2015-11-21
1758,1759,248.0,1,6,4,11,47,6.655869,0,0,2015-11-22
1759,1760,210.0,0,0,4,11,48,6.655869,0,0,2015-11-23
1760,1761,238.0,0,1,4,11,48,6.655869,0,0,2015-11-24
1761,1762,260.0,0,2,4,11,48,6.655869,0,0,2015-11-25
1762,1763,102.0,0,3,4,11,48,6.655869,0,1,2015-11-26
1763,1764,275.0,0,4,4,11,48,6.655869,0,0,2015-11-27
1764,1765,188.0,1,5,4,11,48,6.654422,0,0,2015-11-28
1765,1766,187.0,1,6,5,11,48,6.654422,0,0,2015-11-29
1766,1767,336.0,0,0,5,11,49,6.654422,0,0,2015-11-30
1767,1768,206.0,0,1,1,12,49,6.654422,2,0,2015-12-01
1768,1769,168.0,0,2,1,12,49,6.654422,2,0,2015-12-02
1769,1770,273.0,0,3,1,12,49,6.654422,3,0,2015-12-03
1770,1771,283.0,0,4,1,12,49,6.654422,1,0,2015-12-04
1771,1772,341.0,1,5,1,12,49,6.654855,3,0,2015-12-05
1772,1773,239.0,1,6,1,12,49,6.654855,3,0,2015-12-06
1773,1774,203.0,0,0,1,12,50,6.654855,2,0,2015-12-07
1774,1775,152.0,0,1,2,12,50,6.654855,2,0,2015-12-08
1775,1776,256.0,0,2,2,12,50,6.654855,3,0,2015-12-09
