M5-FITS/processed/v1/data_train_WI_3_HOBBIES_1.csv
,d,sales,tm_w_end,tm_dw,tm_wm,tm_m,tm_w,sell_price,snap_count,is_event,date
1776,1777,219.0,0,3,2,12,50,6.654855,1,0,2015-12-10
1777,1778,195.0,0,4,2,12,50,6.654855,2,0,2015-12-11
1778,1779,315.0,1,5,2,12,50,6.654855,2,0,2015-12-12
1779,1780,279.0,1,6,2,12,50,6.654855,1,0,2015-12-13
1780,1781,179.0,0,0,2,12,51,6.654855,1,1,2015-12-14
1781,1782,248.0,0,1,3,12,51,6.654855,2,0,2015-12-15
1782,1783,233.0,0,2,3,12,51,6.654855,0,0,2015-12-16
1783,1784,168.0,0,3,3,12,51,6.654855,0,0,2015-12-17
1784,1785,250.0,0,4,3,12,51,6.654855,0,0,2015-12-18
1785,1786,318.0,1,5,3,12,51,6.651803,0,0,2015-12-19
1786,1787,239.0,1,6,3,12,51,6.651803,0,0,2015-12-20
1787,1788,226.0,0,0,3,12,52,6.651803,0,0,2015-12-21
1788,1789,231.0,0,1,4,12,52,6.651803,0,0,2015-12-22
1789,1790,309.0,0,2,4,12,52,6.651803,0,0,2015-12-23
1790,1791,262.0,0,3,4,12,52,6.651803,0,0,2015-12-24
1791,1792,0.0,0,4,4,12,52,6.651803,0,1,2015-12-25
1792,1793,335.0,1,5,4,12,52,6.651803,0,0,2015-12-26
1793,1794,208.0,1,6,4,12,52,6.651803,0,0,2015-12-27
1794,1795,157.0,0,0,4,12,53,6.651803,0,0,2015-12-28
1795,1796,170.0,0,1,5,12,53,6.651803,0,0,2015-12-29
1796,1797,322.0,0,2,5,12,53,6.651803,0,0,2015-12-30
1797,1798,313.0,0,3,5,12,53,6.651803,0,0,2015-12-31
1798,1799,268.0,0,4,1,1,53,6.651803,2,1,2016-01-01
1799,1800,335.0,1,5,1,1,53,6.6513243,2,0,2016-01-02
1800,1801,243.0,1,6,1,1,53,6.6513243,3,0,2016-01-03
1801,1802,219.0,0,0,1,1,1,6.6513243,1,0,2016-01-04
1802,1803,208.0,0,1,1,1,1,6.6513243,3,0,2016-01-05
1803,1804,254.0,0,2,1,1,1,6.6513243,3,0,2016-01-06
1804,1805,163.0,0,3,1,1,1,6.6513243,2,1,2016-01-07
1805,1806,323.0,0,4,2,1,1,6.6513243,2,0,2016-01-08
1806,1807,360.0,1,5,2,1,1,6.6343846,3,0,2016-01-09
1807,1808,222.0,1,6,2,1,1,6.6343846,1,0,2016-01-10
1808,1809,142.0,0,0,2,1,2,6.6343846,2,0,2016-01-11
1809,1810,213.0,0,1,2,1,2,6.6343846,2,0,2016-01-12
1810,1811,148.0,0,2,2,1,2,6.6343846,1,0,2016-01-13
1811,1812,241.0,0,3,2,1,2,6.6343846,1,0,2016-01-14
1812,1813,269.0,0,4,3,1,2,6.6343846,2,0,2016-01-15
1813,1814,337.0,1,5,3,1,2,6.653127,0,0,2016-01-16
1814,1815,163.0,1,6,3,1,2,6.653127,0,0,2016-01-17
1815,1816,126.0,0,0,3,1,3,6.653127,0,1,2016-01-18
1816,1817,146.0,0,1,3,1,3,6.653127,0,0,2016-01-19
1817,1818,227.0,0,2,3,1,3,6.653127,0,0,2016-01-20
1818,1819,179.0,0,3,3,1,3,6.653127,0,0,2016-01-21
1819,1820,183.0,0,4,4,1,3,6.653127,0,0,2016-01-22
1820,1821,307.0,1,5,4,1,3,6.6508007,0,0,2016-01-23
1821,1822,220.0,1,6,4,1,3,6.6508007,0,0,2016-01-24
1822,1823,274.0,0,0,4,1,4,6.6508007,0,0,2016-01-25
1823,1824,189.0,0,1,4,1,4,6.6508007,0,0,2016-01-26
1824,1825,203.0,0,2,4,1,4,6.6508007,0,0,2016-01-27
1825,1826,206.0,0,3,4,1,4,6.6508007,0,0,2016-01-28
1826,1827,288.0,0,4,5,1,4,6.6508007,0,0,2016-01-29
1827,1828,327.0,1,5,5,1,4,6.6471457,0,0,2016-01-30
1828,1829,265.0,1,6,5,1,4,6.6471457,0,0,2016-01-31
1829,1830,282.0,0,0,1,2,5,6.6471457,2,0,2016-02-01
1830,1831,151.0,0,1,1,2,5,6.6471457,2,0,2016-02-02
1831,1832,241.0,0,2,1,2,5,6.6471457,3,0,2016-02-03
1832,1833,207.0,0,3,1,2,5,6.6471457,1,0,2016-02-04
1833,1834,242.0,0,4,1,2,5,6.6471457,3,0,2016-02-05
1834,1835,316.0,1,5,1,2,5,6.6451483,3,0,2016-02-06
1835,1836,268.0,1,6,1,2,5,6.6451483,2,1,2016-02-07
1836,1837,200.0,0,0,2,2,6,6.6451483,2,0,2016-02-08
1837,1838,196.0,0,1,2,2,6,6.6451483,3,0,2016-02-09
1838,1839,244.0,0,2,2,2,6,6.6451483,1,1,2016-02-10
1839,1840,207.0,0,3,2,2,6,6.6451483,2,0,2016-02-11
1840,1841,288.0,0,4,2,2,6,6.6451483,2,0,2016-02-12
1841,1842,319.0,1,5,2,2,6,6.646491,1,0,2016-02-13
1842,1843,187.0,1,6,2,2,6,6.646491,1,1,2016-02-14
1843,1844,214.0,0,0,3,2,7,6.646491,2,1,2016-02-15
1844,1845,206.0,0,1,3,2,7,6.646491,0,0,2016-02-16
1845,1846,178.0,0,2,3,2,7,6.646491,0,1,2016-02-17
1846,1847,176.0,0,3,3,2,7,6.646491,0,0,2016-02-18
1847,1848,254.0,0,4,3,2,7,6.646491,0,0,2016-02-19
1848,1849,365.0,1,5,3,2,7,6.647054,0,0,2016-02-20
1849,1850,257.0,1,6,3,2,7,6.647054,0,0,2016-02-21
1850,1851,218.0,0,0,4,2,8,6.647054,0,0,2016-02-22
1851,1852,187.0,0,1,4,2,8,6.647054,0,0,2016-02-23
1852,1853,197.0,0,2,4,2,8,6.647054,0,0,2016-02-24
1853,1854,242.0,0,3,4,2,8,6.647054,0,0,2016-02-25
1854,1855,238.0,0,4,4,2,8,6.647054,0,0,2016-02-26
1855,1856,265.0,1,5,4,2,8,6.643885,0,0,2016-02-27
1856,1857,220.0,1,6,4,2,8,6.643885,0,0,2016-02-28
1857,1858,266.0,0,0,5,2,9,6.643885,0,0,2016-02-29
1858,1859,171.0,0,1,1,3,9,6.643885,2,0,2016-03-01
1859,1860,222.0,0,2,1,3,9,6.643885,2,0,2016-03-02
1860,1861,259.0,0,3,1,3,9,6.643885,3,0,2016-03-03
1861,1862,254.0,0,4,1,3,9,6.643885,1,0,2016-03-04
1862,1863,247.0,1,5,1,3,9,6.644073,3,0,2016-03-05
1863,1864,259.0,1,6,1,3,9,6.644073,3,0,2016-03-06
1864,1865,207.0,0,0,1,3,10,6.644073,2,0,2016-03-07
1865,1866,168.0,0,1,2,3,10,6.644073,2,0,2016-03-08
1866,1867,199.0,0,2,2,3,10,6.644073,3,0,2016-03-09
1867,1868,237.0,0,3,2,3,10,6.644073,1,0,2016-03-10
1868,1869,217.0,0,4,2,3,10,6.644073,2,0,2016-03-11
1869,1870,307.0,1,5,2,3,10,6.644073,2,0,2016-03-12
1870,1871,269.0,1,6,2,3,10,6.644073,1,0,2016-03-13
1871,1872,212.0,0,0,2,3,11,6.644073,1,0,2016-03-14
1872,1873,181.0,0,1,3,3,11,6.644073,2,0,2016-03-15
1873,1874,185.0,0,2,3,3,11,6.644073,0,0,2016-03-16
1874,1875,173.0,0,3,3,3,11,6.644073,0,1,2016-03-17
1875,1876,286.0,0,4,3,3,11,6.644073,0,0,2016-03-18
1876,1877,281.0,1,5,3,3,11,6.639725,0,0,2016-03-19
1877,1878,229.0,1,6,3,3,11,6.639725,0,0,2016-03-20
1878,1879,155.0,0,0,3,3,12,6.639725,0,0,2016-03-21
1879,1880,151.0,0,1,4,3,12,6.639725,0,0,2016-03-22
1880,1881,180.0,0,2,4,3,12,6.639725,0,0,2016-03-23
1881,1882,258.0,0,3,4,3,12,6.639725,0,1,2016-03-24
1882,1883,325.0,0,4,4,3,12,6.639725,0,0,2016-03-25
1883,1884,257.0,1,5,4,3,12,6.621903,0,0,2016-03-26
1884,1885,162.0,1,6,4,3,12,6.621903,0,1,2016-03-27
1885,1886,173.0,0,0,4,3,13,6.621903,0,0,2016-03-28
1886,1887,198.0,0,1,5,3,13,6.621903,0,0,2016-03-29
1887,1888,140.0,0,2,5,3,13,6.621903,0,0,2016-03-30
1888,1889,274.0,0,3,5,3,13,6.621903,0,0,2016-03-31
1889,1890,363.0,0,4,1,4,13,6.621903,2,0,2016-04-01
1890,1891,294.0,1,5,1,4,13,6.6427393,2,0,2016-04-02
1891,1892,242.0,1,6,1,4,13,6.6427393,3,0,2016-04-03
1892,1893,254.0,0,0,1,4,14,6.6427393,1,0,2016-04-04
1893,1894,200.0,0,1,1,4,14,6.6427393,3,0,2016-04-05
1894,1895,141.0,0,2,1,4,14,6.6427393,3,0,2016-04-06
1895,1896,184.0,0,3,1,4,14,6.6427393,2,0,2016-04-07
1896,1897,293.0,0,4,2,4,14,6.6427393,2,0,2016-04-08
1897,1898,365.0,1,5,2,4,14,6.6433406,3,0,2016-04-09
1898,1899,259.0,1,6,2,4,14,6.6433406,1,0,2016-04-10
1899,1900,200.0,0,0,2,4,15,6.6433406,2,0,2016-04-11
1900,1901,269.0,0,1,2,4,15,6.6433406,2,0,2016-04-12
1901,1902,280.0,0,2,2,4,15,6.6433406,1,0,2016-04-13
1902,1903,270.0,0,3,2,4,15,6.6433406,1,0,2016-04-14
1903,1904,304.0,0,4,3,4,15,6.6433406,2,0,2016-04-15
1904,1905,376.0,1,5,3,4,15,6.644242,0,0,2016-04-16
1905,1906,200.0,1,6,3,4,15,6.644242,0,0,2016-04-17
1906,1907,149.0,0,0,3,4,16,6.644242,0,0,2016-04-18
1907,1908,249.0,0,1,3,4,16,6.644242,0,0,2016-04-19
1908,1909,202.0,0,2,3,4,16,6.644242,0,0,2016-04-20
1909,1910,182.0,0,3,3,4,16,6.644242,0,0,2016-04-21
1910,1911,264.0,0,4,4,4,16,6.644242,0,0,2016-04-22
1911,1912,381.0,1,5,4,4,16,6.641425,0,0,2016-04-23
1912,1913,230.0,1,6,4,4,16,6.641425,0,0,2016-04-24
1913,1914,196.0,0,0,4,4,17,6.641425,0,0,2016-04-25
1914,1915,218.0,0,1,4,4,17,6.641425,0,0,2016-04-26
1915,1916,222.0,0,2,4,4,17,6.641425,0,0,2016-04-27
1916,1917,180.0,0,3,4,4,17,6.641425,0,0,2016-04-28
1917,1918,241.0,0,4,5,4,17,6.641425,0,0,2016-04-29
1918,1919,283.0,1,5,5,4,17,6.6390224,0,1,2016-04-30
1919,1920,345.0,1,6,1,5,17,6.6390224,2,1,2016-05-01
1920,1921,241.0,0,0,1,5,18,6.6390224,2,0,2016-05-02
1921,1922,218.0,0,1,1,5,18,6.6390224,3,0,2016-05-03
1922,1923,244.0,0,2,1,5,18,6.6390224,1,0,2016-05-04
1923,1924,229.0,0,3,1,5,18,6.6390224,3,1,2016-05-05
1924,1925,218.0,0,4,1,5,18,6.6390224,3,0,2016-05-06
1925,1926,484.0,1,5,1,5,18,6.639304,2,0,2016-05-07
1926,1927,250.0,1,6,2,5,18,6.639304,2,1,2016-05-08
1927,1928,241.0,0,0,2,5,19,6.639304,3,0,2016-05-09
1928,1929,162.0,0,1,2,5,19,6.639304,1,0,2016-05-10
1929,1930,227.0,0,2,2,5,19,6.639304,2,0,2016-05-11
1930,1931,210.0,0,3,2,5,19,6.639304,2,0,2016-05-12
1931,1932,202.0,0,4,2,5,19,6.639304,1,0,2016-05-13
1932,1933,345.0,1,5,2,5,19,6.6260734,1,0,2016-05-14
1933,1934,294.0,1,6,3,5,19,6.6260734,2,0,2016-05-15
1934,1935,187.0,0,0,3,5,20,6.6260734,0,0,2016-05-16
1935,1936,174.0,0,1,3,5,20,6.6260734,0,0,2016-05-17
1936,1937,287.0,0,2,3,5,20,6.6260734,0,0,2016-05-18
1937,1938,220.0,0,3,3,5,20,6.6260734,0,0,2016-05-19
1938,1939,242.0,0,4,3,5,20,6.6260734,0,0,2016-05-20
1939,1940,273.0,1,5,3,5,20,6.6102266,0,0,2016-05-21
1940,1941,305.0,1,6,4,5,20,6.6102266,0,0,2016-05-22
1941,1942,0.0,0,0,4,5,21,6.6102266,0,0,2016-05-23
1942,1943,0.0,0,1,4,5,21,6.6102266,0,0,2016-05-24
1943,1944,0.0,0,2,4,5,21,6.6102266,0,0,2016-05-25
1944,1945,0.0,0,3,4,5,21,6.6102266,0,0,2016-05-26
1945,1946,0.0,0,4,4,5,21,6.6102266,0,0,2016-05-27
1946,1947,0.0,1,5,4,5,21,6.611851,0,0,2016-05-28
1947,1948,0.0,1,6,5,5,21,6.611851,0,0,2016-05-29
1948,1949,0.0,0,0,5,5,22,6.611851,0,1,2016-05-30
1949,1950,0.0,0,1,5,5,22,6.611851,0,0,2016-05-31
1950,1951,0.0,0,2,1,6,22,6.611851,2,0,2016-06-01
1951,1952,0.0,0,3,1,6,22,6.611851,2,1,2016-06-02
1952,1953,0.0,0,4,1,6,22,6.611851,3,0,2016-06-03
1953,1954,0.0,1,5,1,6,22,6.614823,1,0,2016-06-04
1954,1955,0.0,1,6,1,6,22,6.614823,3,0,2016-06-05
1955,1956,0.0,0,0,1,6,23,6.614823,3,0,2016-06-06
1956,1957,0.0,0,1,1,6,23,6.614823,2,1,2016-06-07
1957,1958,0.0,0,2,2,6,23,6.614823,2,0,2016-06-08
1958,1959,0.0,0,3,2,6,23,6.614823,3,0,2016-06-09
1959,1960,0.0,0,4,2,6,23,6.614823,1,0,2016-06-10
1960,1961,0.0,1,5,2,6,23,6.6079307,2,0,2016-06-11
1961,1962,0.0,1,6,2,6,23,6.6079307,2,0,2016-06-12
1962,1963,0.0,0,0,2,6,24,6.6079307,1,0,2016-06-13
1963,1964,0.0,0,1,2,6,24,6.6079307,1,0,2016-06-14
1964,1965,0.0,0,2,3,6,24,6.6079307,2,0,2016-06-15
1965,1966,0.0,0,3,3,6,24,6.6079307,0,0,2016-06-16
1966,1967,0.0,0,4,3,6,24,6.6079307,0,0,2016-06-17
1967,1968,0.0,1,5,3,6,24,6.6079307,0,0,2016-06-18
1968,1969,0.0,1,6,3,6,24,6.6079307,0,2,2016-06-19
